Archive member included to satisfy reference by file (symbol)

ym/microbit/source/microbit.a(MicroBit.cpp.obj)
                              source/CMakeFiles/microbit-samples.dir/home/leon.dumestre/IOT-architecture-project/meteo/source/main.cpp.obj (MicroBit::MicroBit())
ym/microbit-dal/source/microbit-dal.a(MicroBitDevice.cpp.obj)
                              ym/microbit/source/microbit.a(MicroBit.cpp.obj) (microbit_serial_number())
ym/microbit-dal/source/microbit-dal.a(MicroBitFiber.cpp.obj)
                              ym/microbit/source/microbit.a(MicroBit.cpp.obj) (scheduler_init(EventModel&))
ym/microbit-dal/source/microbit-dal.a(MicroBitFont.cpp.obj)
                              ym/microbit-dal/source/microbit-dal.a(MicroBitDevice.cpp.obj) (MicroBitFont::defaultFont)
ym/microbit-dal/source/microbit-dal.a(MicroBitHeapAllocator.cpp.obj)
                              ym/microbit/source/microbit.a(MicroBit.cpp.obj) (microbit_create_heap(unsigned long, unsigned long))
ym/microbit-dal/source/microbit-dal.a(MicroBitListener.cpp.obj)
                              source/CMakeFiles/microbit-samples.dir/home/leon.dumestre/IOT-architecture-project/meteo/source/main.cpp.obj (MicroBitListener::MicroBitListener(unsigned short, unsigned short, void (*)(MicroBitEvent), unsigned short))
ym/microbit-dal/source/microbit-dal.a(MicroBitSystemTimer.cpp.obj)
                              ym/microbit-dal/source/microbit-dal.a(MicroBitFiber.cpp.obj) (system_timer_current_time())
ym/microbit-dal/source/microbit-dal.a(ManagedString.cpp.obj)
                              source/CMakeFiles/microbit-samples.dir/home/leon.dumestre/IOT-architecture-project/meteo/source/ssd1306.cpp.obj (ManagedString::~ManagedString())
ym/microbit-dal/source/microbit-dal.a(MicroBitEvent.cpp.obj)
                              ym/microbit/source/microbit.a(MicroBit.cpp.obj) (MicroBitEvent::MicroBitEvent())
ym/microbit-dal/source/microbit-dal.a(MicroBitImage.cpp.obj)
                              ym/microbit/source/microbit.a(MicroBit.cpp.obj) (MicroBitImage::setPixelValue(short, short, unsigned char))
ym/microbit-dal/source/microbit-dal.a(PacketBuffer.cpp.obj)
                              source/CMakeFiles/microbit-samples.dir/home/leon.dumestre/IOT-architecture-project/meteo/source/main.cpp.obj (PacketBuffer::~PacketBuffer())
ym/microbit-dal/source/microbit-dal.a(RefCounted.cpp.obj)
                              ym/microbit-dal/source/microbit-dal.a(ManagedString.cpp.obj) (RefCounted::init())
ym/microbit-dal/source/microbit-dal.a(MicroBitAccelerometer.cpp.obj)
                              ym/microbit/source/microbit.a(MicroBit.cpp.obj) (MicroBitAccelerometer::autoDetect(MicroBitI2C&))
ym/microbit-dal/source/microbit-dal.a(MicroBitButton.cpp.obj)
                              source/CMakeFiles/microbit-samples.dir/home/leon.dumestre/IOT-architecture-project/meteo/source/main.cpp.obj (MicroBitButton::~MicroBitButton())
ym/microbit-dal/source/microbit-dal.a(MicroBitCompass.cpp.obj)
                              ym/microbit/source/microbit.a(MicroBit.cpp.obj) (MicroBitCompass::autoDetect(MicroBitI2C&))
ym/microbit-dal/source/microbit-dal.a(MicroBitCompassCalibrator.cpp.obj)
                              ym/microbit/source/microbit.a(MicroBit.cpp.obj) (MicroBitCompassCalibrator::MicroBitCompassCalibrator(MicroBitCompass&, MicroBitAccelerometer&, MicroBitDisplay&, MicroBitStorage&))
ym/microbit-dal/source/microbit-dal.a(MicroBitDisplay.cpp.obj)
                              source/CMakeFiles/microbit-samples.dir/home/leon.dumestre/IOT-architecture-project/meteo/source/main.cpp.obj (MicroBitDisplay::~MicroBitDisplay())
ym/microbit-dal/source/microbit-dal.a(MicroBitI2C.cpp.obj)
                              source/CMakeFiles/microbit-samples.dir/home/leon.dumestre/IOT-architecture-project/meteo/source/main.cpp.obj (MicroBitI2C::MicroBitI2C(PinName, PinName))
ym/microbit-dal/source/microbit-dal.a(MicroBitIO.cpp.obj)
                              ym/microbit/source/microbit.a(MicroBit.cpp.obj) (MicroBitIO::MicroBitIO(int, int, int, int, int, int, int, int, int, int, int, int, int, int, int, int, int, int, int))
ym/microbit-dal/source/microbit-dal.a(MicroBitLightSensor.cpp.obj)
                              ym/microbit-dal/source/microbit-dal.a(MicroBitDisplay.cpp.obj) (MicroBitLightSensor::read())
ym/microbit-dal/source/microbit-dal.a(MicroBitMessageBus.cpp.obj)
                              source/CMakeFiles/microbit-samples.dir/home/leon.dumestre/IOT-architecture-project/meteo/source/main.cpp.obj (MicroBitMessageBus::add(MicroBitListener*))
ym/microbit-dal/source/microbit-dal.a(MicroBitMultiButton.cpp.obj)
                              ym/microbit/source/microbit.a(MicroBit.cpp.obj) (MicroBitMultiButton::MicroBitMultiButton(unsigned short, unsigned short, unsigned short))
ym/microbit-dal/source/microbit-dal.a(MicroBitPin.cpp.obj)
[...]
Memory Configuration

Name             Origin             Length             Attributes
FLASH            0x0000000000018000 0x0000000000028000 xr
RAM              0x0000000020002000 0x0000000000002000 xrw
*default*        0x0000000000000000 0xffffffffffffffff

Linker script and memory map

LOAD /usr/lib/gcc/arm-none-eabi/10.3.1/thumb/v6-m/nofp/crti.o
LOAD /usr/lib/gcc/arm-none-eabi/10.3.1/thumb/v6-m/nofp/crtbegin.o
LOAD /usr/lib/gcc/arm-none-eabi/10.3.1/../../../arm-none-eabi/lib/thumb/v6-m/nofp/crt0.o
START GROUP
LOAD source/CMakeFiles/microbit-samples.dir/home/leon.dumestre/IOT-architecture-project/meteo/source/aes.c.obj
LOAD source/CMakeFiles/microbit-samples.dir/home/leon.dumestre/IOT-architecture-project/meteo/source/ssd1306.cpp.obj
LOAD source/CMakeFiles/microbit-samples.dir/home/leon.dumestre/IOT-architecture-project/meteo/source/bme280.cpp.obj
LOAD source/CMakeFiles/microbit-samples.dir/home/leon.dumestre/IOT-architecture-project/meteo/source/crypt.cpp.obj
LOAD source/CMakeFiles/microbit-samples.dir/home/leon.dumestre/IOT-architecture-project/meteo/source/main.cpp.obj
LOAD source/CMakeFiles/microbit-samples.dir/home/leon.dumestre/IOT-architecture-project/meteo/source/tsl256x.cpp.obj
LOAD ym/microbit/source/microbit.a
LOAD ym/microbit-dal/source/microbit-dal.a
LOAD ym/ble/source/ble.a
LOAD ym/ble-nrf51822/source/ble-nrf51822.a
LOAD ym/ble/source/ble.a
LOAD ym/ble-nrf51822/source/ble-nrf51822.a
LOAD ym/nrf51-sdk/source/nrf51-sdk.a
LOAD ym/mbed-classic/existing/mbed-classic.a
LOAD /usr/lib/gcc/arm-none-eabi/10.3.1/../../../arm-none-eabi/lib/thumb/v6-m/nofp/libnosys.a
LOAD /usr/lib/gcc/arm-none-eabi/10.3.1/../../../arm-none-eabi/lib/thumb/v6-m/nofp/libstdc++_nano.a
LOAD /usr/lib/gcc/arm-none-eabi/10.3.1/../../../arm-none-eabi/lib/thumb/v6-m/nofp/libsupc++_nano.a
LOAD /usr/lib/gcc/arm-none-eabi/10.3.1/thumb/v6-m/nofp/libgcc.a
LOAD /usr/lib/gcc/arm-none-eabi/10.3.1/../../../arm-none-eabi/lib/thumb/v6-m/nofp/libstdc++_nano.a
LOAD /usr/lib/gcc/arm-none-eabi/10.3.1/../../../arm-none-eabi/lib/thumb/v6-m/nofp/libsupc++_nano.a
LOAD /usr/lib/gcc/arm-none-eabi/10.3.1/../../../arm-none-eabi/lib/thumb/v6-m/nofp/libm.a
LOAD /usr/lib/gcc/arm-none-eabi/10.3.1/../../../arm-none-eabi/lib/thumb/v6-m/nofp/libc_nano.a
LOAD /usr/lib/gcc/arm-none-eabi/10.3.1/thumb/v6-m/nofp/libgcc.a
END GROUP
LOAD /usr/lib/gcc/arm-none-eabi/10.3.1/../../../arm-none-eabi/lib/thumb/v6-m/nofp/libstdc++_nano.a
LOAD /usr/lib/gcc/arm-none-eabi/10.3.1/../../../arm-none-eabi/lib/thumb/v6-m/nofp/libm.a
LOAD /usr/lib/gcc/arm-none-eabi/10.3.1/../../../arm-none-eabi/lib/thumb/v6-m/nofp/libc_nano.a
START GROUP
LOAD /usr/lib/gcc/arm-none-eabi/10.3.1/thumb/v6-m/nofp/libgcc.a
LOAD /usr/lib/gcc/arm-none-eabi/10.3.1/../../../arm-none-eabi/lib/thumb/v6-m/nofp/libc_nano.a
END GROUP
START GROUP
LOAD /usr/lib/gcc/arm-none-eabi/10.3.1/thumb/v6-m/nofp/libgcc.a
LOAD /usr/lib/gcc/arm-none-eabi/10.3.1/../../../arm-none-eabi/lib/thumb/v6-m/nofp/libc_nano.a
END GROUP
LOAD /usr/lib/gcc/arm-none-eabi/10.3.1/thumb/v6-m/nofp/crtend.o
LOAD /usr/lib/gcc/arm-none-eabi/10.3.1/thumb/v6-m/nofp/crtn.o

.text           0x0000000000018000    0x11b80
 *(SORT_BY_ALIGNMENT(.Vectors))
 .Vectors       0x0000000000018000       0xc0 ym/mbed-classic/existing/mbed-classic.a(startup_NRF51822.S.obj)
                0x0000000000018000                __Vectors
 *(SORT_BY_ALIGNMENT(.text*))
 .text          0x00000000000180c0       0x98 /usr/lib/gcc/arm-none-eabi/10.3.1/thumb/v6-m/nofp/crtbegin.o
 .text          0x0000000000018158       0x74 /usr/lib/gcc/arm-none-eabi/10.3.1/../../../arm-none-eabi/lib/thumb/v6-m/nofp/crt0.o
                0x0000000000018158                _stack_init
                0x0000000000018164                _mainCRTStartup
                0x0000000000018164                _start
 .text.KeyExpansion
                0x00000000000181cc       0x74 source/CMakeFiles/microbit-samples.dir/home/leon.dumestre/IOT-architecture-project/meteo/source/aes.c.obj
 .text.Cipher   0x0000000000018240      0x10c source/CMakeFiles/microbit-samples.dir/home/leon.dumestre/IOT-architecture-project/meteo/source/aes.c.obj
 .text.InvCipher
                0x000000000001834c      0x194 source/CMakeFiles/microbit-samples.dir/home/leon.dumestre/IOT-architecture-project/meteo/source/aes.c.obj
 .text._ZN7ssd130612send_commandEhPhh
                0x00000000000184e0       0x7c source/CMakeFiles/microbit-samples.dir/home/leon.dumestre/IOT-architecture-project/meteo/source/ssd1306.cpp.obj
                0x00000000000184e0                ssd1306::send_command(unsigned char, unsigned char*, unsigned char)
 .text._ZN7ssd130612set_contrastEh
                0x000000000001855c       0x18 source/CMakeFiles/microbit-samples.dir/home/leon.dumestre/IOT-architecture-project/meteo/source/ssd1306.cpp.obj
                0x000000000001855c                ssd1306::set_contrast(unsigned char)
 .text._ZN7ssd130618set_read_directionEv
                0x0000000000018574       0x24 source/CMakeFiles/microbit-samples.dir/home/leon.dumestre/IOT-architecture-project/meteo/source/ssd1306.cpp.obj
                0x0000000000018574                ssd1306::set_read_direction()
 .text._ZN7ssd130617set_display_clockEhh
                0x0000000000018598       0x48 source/CMakeFiles/microbit-samples.dir/home/leon.dumestre/IOT-architecture-project/meteo/source/ssd1306.cpp.obj
                0x0000000000018598                ssd1306::set_display_clock(unsigned char, unsigned char)
 .text._ZN7ssd130610initializeEv
                0x00000000000185e0      0x190 source/CMakeFiles/microbit-samples.dir/home/leon.dumestre/IOT-architecture-project/meteo/source/ssd1306.cpp.obj
                0x00000000000185e0                ssd1306::initialize()
 .text._ZN7ssd130613update_screenEv
                0x0000000000018770       0x70 source/CMakeFiles/microbit-samples.dir/home/leon.dumestre/IOT-architecture-project/meteo/source/ssd1306.cpp.obj
                0x0000000000018770                ssd1306::update_screen()
 .text._ZN7ssd1306C2EP8MicroBitP11MicroBitI2CP11MicroBitPinh
                0x00000000000187e0       0x50 source/CMakeFiles/microbit-samples.dir/home/leon.dumestre/IOT-architecture-project/meteo/source/ssd1306.cpp.obj
                0x00000000000187e0                ssd1306::ssd1306(MicroBit*, MicroBitI2C*, MicroBitPin*, unsigned char)
                0x00000000000187e0                ssd1306::ssd1306(MicroBit*, MicroBitI2C*, MicroBitPin*, unsigned char)
 .text._ZN7ssd130612display_lineEhhPKc
                0x0000000000018830       0x68 source/CMakeFiles/microbit-samples.dir/home/leon.dumestre/IOT-architecture-project/meteo/source/ssd1306.cpp.obj
                0x0000000000018830                ssd1306::display_line(unsigned char, unsigned char, char const*)
 .text._ZN6bme28012probe_sensorEv
                0x0000000000018898       0x54 source/CMakeFiles/microbit-samples.dir/home/leon.dumestre/IOT-architecture-project/meteo/source/bme280.cpp.obj
                0x0000000000018898                bme280::probe_sensor()
 .text._ZN6bme28020get_calibration_dataEv
                0x00000000000188ec      0x11c source/CMakeFiles/microbit-samples.dir/home/leon.dumestre/IOT-architecture-project/meteo/source/bme280.cpp.obj
                0x00000000000188ec                bme280::get_calibration_data()
 .text._ZN6bme280C2EP8MicroBitP11MicroBitI2Chhhhhhh
                0x0000000000018a08      0x108 source/CMakeFiles/microbit-samples.dir/home/leon.dumestre/IOT-architecture-project/meteo/source/bme280.cpp.obj
                0x0000000000018a08                bme280::bme280(MicroBit*, MicroBitI2C*, unsigned char, unsigned char, unsigned char, unsigned char, unsigned char, unsigned char, unsigned char)
                0x0000000000018a08                bme280::bme280(MicroBit*, MicroBitI2C*, unsigned char, unsigned char, unsigned char, unsigned char, unsigned char, unsigned char, unsigned char)
 .text._ZN6bme28011sensor_readEPmPlPt
                0x0000000000018b10       0x98 source/CMakeFiles/microbit-samples.dir/home/leon.dumestre/IOT-architecture-project/meteo/source/bme280.cpp.obj
                0x0000000000018b10                bme280::sensor_read(unsigned long*, long*, unsigned short*)
 .text._ZN14MicroBitSerialD2Ev
                0x0000000000018ba8       0x18 source/CMakeFiles/microbit-samples.dir/home/leon.dumestre/IOT-architecture-project/meteo/source/main.cpp.obj
                0x0000000000018ba8                MicroBitSerial::~MicroBitSerial()
                0x0000000000018ba8                MicroBitSerial::~MicroBitSerial()
 .text._Z6onData13MicroBitEvent
                0x0000000000018bc0      0x12c source/CMakeFiles/microbit-samples.dir/home/leon.dumestre/IOT-architecture-project/meteo/source/main.cpp.obj
                0x0000000000018bc0                onData(MicroBitEvent)
 .text._ZNSt7__cxx119to_stringEi
                0x0000000000018cec       0xa8 source/CMakeFiles/microbit-samples.dir/home/leon.dumestre/IOT-architecture-project/meteo/source/main.cpp.obj
                0x0000000000018cec                std::__cxx11::to_string(int)
 .text._Z12tempToStringB5cxx11i
                0x0000000000018d94       0xa8 source/CMakeFiles/microbit-samples.dir/home/leon.dumestre/IOT-architecture-project/meteo/source/main.cpp.obj
                0x0000000000018d94                tempToString[abi:cxx11](int)
 .text._Z8sendDataii
                0x0000000000018e3c       0x9c source/CMakeFiles/microbit-samples.dir/home/leon.dumestre/IOT-architecture-project/meteo/source/main.cpp.obj
                0x0000000000018e3c                sendData(int, int)
 .text.startup._GLOBAL__sub_I_order
                0x0000000000018ed8      0x11c source/CMakeFiles/microbit-samples.dir/home/leon.dumestre/IOT-architecture-project/meteo/source/main.cpp.obj
 .text._ZN8MicroBitD2Ev
                0x0000000000018ff4       0x58 source/CMakeFiles/microbit-samples.dir/home/leon.dumestre/IOT-architecture-project/meteo/source/main.cpp.obj
                0x0000000000018ff4                MicroBit::~MicroBit()
                0x0000000000018ff4                MicroBit::~MicroBit()
 .text.startup.main
                0x000000000001904c      0x234 source/CMakeFiles/microbit-samples.dir/home/leon.dumestre/IOT-architecture-project/meteo/source/main.cpp.obj
                0x000000000001904c                main
 .text._ZN7tsl256xC2EP8MicroBitP11MicroBitI2Chhhh
                0x0000000000019280       0x98 source/CMakeFiles/microbit-samples.dir/home/leon.dumestre/IOT-architecture-project/meteo/source/tsl256x.cpp.obj
                0x0000000000019280                tsl256x::tsl256x(MicroBit*, MicroBitI2C*, unsigned char, unsigned char, unsigned char, unsigned char)
                0x0000000000019280                tsl256x::tsl256x(MicroBit*, MicroBitI2C*, unsigned char, unsigned char, unsigned char, unsigned char)
 .text._ZN7tsl256x13calculate_luxEtt
                0x0000000000019318      0x148 source/CMakeFiles/microbit-samples.dir/home/leon.dumestre/IOT-architecture-project/meteo/source/tsl256x.cpp.obj
                0x0000000000019318                tsl256x::calculate_lux(unsigned short, unsigned short)
 .text._ZN7tsl256x11sensor_readEPtS0_Pm
                0x0000000000019460       0x68 source/CMakeFiles/microbit-samples.dir/home/leon.dumestre/IOT-architecture-project/meteo/source/tsl256x.cpp.obj
                0x0000000000019460                tsl256x::sensor_read(unsigned short*, unsigned short*, unsigned long*)
 .text._ZN8MicroBitC2Ev
                0x00000000000194c8      0x16c ym/microbit/source/microbit.a(MicroBit.cpp.obj)
                0x00000000000194c8                MicroBit::MicroBit()
                0x00000000000194c8                MicroBit::MicroBit()
 .text._ZN8MicroBit4initEv
                0x0000000000019634      0x204 ym/microbit/source/microbit.a(MicroBit.cpp.obj)
                0x0000000000019634                MicroBit::init()
 .text.NVIC_SystemReset
                0x0000000000019838       0x18 ym/microbit-dal/source/microbit-dal.a(MicroBitDevice.cpp.obj)
 .text._Z22microbit_friendly_namev
                0x0000000000019850       0x6c ym/microbit-dal/source/microbit-dal.a(MicroBitDevice.cpp.obj)
                0x0000000000019850                microbit_friendly_name()
 .text._Z14microbit_panici
                0x00000000000198bc      0x154 ym/microbit-dal/source/microbit-dal.a(MicroBitDevice.cpp.obj)
                0x00000000000198bc                microbit_panic(int)
 .text._Z20microbit_seed_randomv
                0x0000000000019a10       0x60 ym/microbit-dal/source/microbit-dal.a(MicroBitDevice.cpp.obj)
                0x0000000000019a10                microbit_seed_random()
 .text._Z14scheduler_tickv
                0x0000000000019a70       0x38 ym/microbit-dal/source/microbit-dal.a(MicroBitFiber.cpp.obj)
                0x0000000000019a70                scheduler_tick()
 .text._Z15scheduler_event13MicroBitEvent
                0x0000000000019aa8       0xcc ym/microbit-dal/source/microbit-dal.a(MicroBitFiber.cpp.obj)
                0x0000000000019aa8                scheduler_event(MicroBitEvent)
 .text._Z15getFiberContextv
                0x0000000000019b74       0x4c ym/microbit-dal/source/microbit-dal.a(MicroBitFiber.cpp.obj)
                0x0000000000019b74                getFiberContext()
 .text._ZL10handle_fobv
                0x0000000000019bc0       0x28 ym/microbit-dal/source/microbit-dal.a(MicroBitFiber.cpp.obj)
 .text._Z14scheduler_initR10EventModel
                0x0000000000019be8       0xac ym/microbit-dal/source/microbit-dal.a(MicroBitFiber.cpp.obj)
                0x0000000000019be8                scheduler_init(EventModel&)
 .text._Z23fiber_scheduler_runningv
                0x0000000000019c94       0x10 ym/microbit-dal/source/microbit-dal.a(MicroBitFiber.cpp.obj)
                0x0000000000019c94                fiber_scheduler_running()
 .text._Z19fiber_wake_on_eventtt
                0x0000000000019ca4       0x68 ym/microbit-dal/source/microbit-dal.a(MicroBitFiber.cpp.obj)
                0x0000000000019ca4                fiber_wake_on_event(unsigned short, unsigned short)
 .text._Z14__create_fibermmmi
                0x0000000000019d0c       0x50 ym/microbit-dal/source/microbit-dal.a(MicroBitFiber.cpp.obj)
                0x0000000000019d0c                __create_fiber(unsigned long, unsigned long, unsigned long, int)
 .text._Z12create_fiberPFvPvES_S1_
                0x0000000000019d5c       0x24 ym/microbit-dal/source/microbit-dal.a(MicroBitFiber.cpp.obj)
                0x0000000000019d5c                create_fiber(void (*)(void*), void*, void (*)(void*))
 .text._Z17verify_stack_sizeP5Fiber
                0x0000000000019d80       0x3c ym/microbit-dal/source/microbit-dal.a(MicroBitFiber.cpp.obj)
                0x0000000000019d80                verify_stack_size(Fiber*)
 .text._Z24scheduler_runqueue_emptyv
                0x0000000000019dbc       0x10 ym/microbit-dal/source/microbit-dal.a(MicroBitFiber.cpp.obj)
                0x0000000000019dbc                scheduler_runqueue_empty()
 .text._Z24fiber_add_idle_componentP17MicroBitComponent
                0x0000000000019dcc       0x1c ym/microbit-dal/source/microbit-dal.a(MicroBitFiber.cpp.obj)
                0x0000000000019dcc                fiber_add_idle_component(MicroBitComponent*)
 .text._Z27fiber_remove_idle_componentP17MicroBitComponent
                0x0000000000019de8       0x1c ym/microbit-dal/source/microbit-dal.a(MicroBitFiber.cpp.obj)
                0x0000000000019de8                fiber_remove_idle_component(MicroBitComponent*)
 .text._Z4idlev
                0x0000000000019e04       0x30 ym/microbit-dal/source/microbit-dal.a(MicroBitFiber.cpp.obj)
                0x0000000000019e04                idle()
 .text._Z8schedulev
                0x0000000000019e34       0xd4 ym/microbit-dal/source/microbit-dal.a(MicroBitFiber.cpp.obj)
                0x0000000000019e34                schedule()
 .text._Z11fiber_sleepm
                0x0000000000019f08       0x3c ym/microbit-dal/source/microbit-dal.a(MicroBitFiber.cpp.obj)
                0x0000000000019f08                fiber_sleep(unsigned long)
 .text._Z13release_fiberv
                0x0000000000019f44       0x80 ym/microbit-dal/source/microbit-dal.a(MicroBitFiber.cpp.obj)
                0x0000000000019f44                release_fiber()
 .text._Z13release_fiberPv
                0x0000000000019fc4       0x14 ym/microbit-dal/source/microbit-dal.a(MicroBitFiber.cpp.obj)
                0x0000000000019fc4                release_fiber(void*)
 .text._Z6invokePFvPvES_
                0x0000000000019fd8       0x90 ym/microbit-dal/source/microbit-dal.a(MicroBitFiber.cpp.obj)
                0x0000000000019fd8                invoke(void (*)(void*), void*)
 .text._ZN12MicroBitFont13getSystemFontEv
                0x000000000001a068       0x10 ym/microbit-dal/source/microbit-dal.a(MicroBitFont.cpp.obj)
                0x000000000001a068                MicroBitFont::getSystemFont()
 .text.startup._GLOBAL__sub_I__ZN12MicroBitFont11defaultFontE
                0x000000000001a078       0x18 ym/microbit-dal/source/microbit-dal.a(MicroBitFont.cpp.obj)
 .text._Z20microbit_create_heapmm
                0x000000000001a090       0x5c ym/microbit-dal/source/microbit-dal.a(MicroBitHeapAllocator.cpp.obj)
                0x000000000001a090                microbit_create_heap(unsigned long, unsigned long)
 .text.microbit_alloc
                0x000000000001a0ec       0x68 ym/microbit-dal/source/microbit-dal.a(MicroBitHeapAllocator.cpp.obj)
                0x000000000001a0ec                microbit_alloc
                0x000000000001a0ec                malloc
 .text.microbit_free
                0x000000000001a154       0x50 ym/microbit-dal/source/microbit-dal.a(MicroBitHeapAllocator.cpp.obj)
                0x000000000001a154                microbit_free
                0x000000000001a154                free
 .text._Z23system_timer_set_periodi
                0x000000000001a1a4       0x44 ym/microbit-dal/source/microbit-dal.a(MicroBitSystemTimer.cpp.obj)
                0x000000000001a1a4                system_timer_set_period(int)
 .text._Z17system_timer_initi
                0x000000000001a1e8       0x54 ym/microbit-dal/source/microbit-dal.a(MicroBitSystemTimer.cpp.obj)
                0x000000000001a1e8                system_timer_init(int)
 .text._Z23system_timer_get_periodv
                0x000000000001a23c        0xc ym/microbit-dal/source/microbit-dal.a(MicroBitSystemTimer.cpp.obj)
                0x000000000001a23c                system_timer_get_period()
 .text._Z11update_timev
                0x000000000001a248       0x44 ym/microbit-dal/source/microbit-dal.a(MicroBitSystemTimer.cpp.obj)
                0x000000000001a248                update_time()
 .text._Z17system_timer_tickv
                0x000000000001a28c       0x24 ym/microbit-dal/source/microbit-dal.a(MicroBitSystemTimer.cpp.obj)
                0x000000000001a28c                system_timer_tick()
 .text._Z25system_timer_current_timev
                0x000000000001a2b0       0x1c ym/microbit-dal/source/microbit-dal.a(MicroBitSystemTimer.cpp.obj)
                0x000000000001a2b0                system_timer_current_time()
 .text._Z28system_timer_current_time_usv
                0x000000000001a2cc       0x14 ym/microbit-dal/source/microbit-dal.a(MicroBitSystemTimer.cpp.obj)
                0x000000000001a2cc                system_timer_current_time_us()
 .text._Z26system_timer_add_componentP17MicroBitComponent
                0x000000000001a2e0       0x3c ym/microbit-dal/source/microbit-dal.a(MicroBitSystemTimer.cpp.obj)
                0x000000000001a2e0                system_timer_add_component(MicroBitComponent*)
 .text._Z29system_timer_remove_componentP17MicroBitComponent
                0x000000000001a31c       0x1c ym/microbit-dal/source/microbit-dal.a(MicroBitSystemTimer.cpp.obj)
                0x000000000001a31c                system_timer_remove_component(MicroBitComponent*)
 .text._ZN13ManagedStringC2EPKc
                0x000000000001a338       0x20 ym/microbit-dal/source/microbit-dal.a(ManagedString.cpp.obj)
                0x000000000001a338                ManagedString::ManagedString(char const*)
                0x000000000001a338                ManagedString::ManagedString(char const*)
 .text._ZN13ManagedStringC2E12PacketBuffer
                0x000000000001a358       0x60 ym/microbit-dal/source/microbit-dal.a(ManagedString.cpp.obj)
                0x000000000001a358                ManagedString::ManagedString(PacketBuffer)
                0x000000000001a358                ManagedString::ManagedString(PacketBuffer)
 .text._ZN13ManagedStringC2EPKcs
                0x000000000001a3b8       0x54 ym/microbit-dal/source/microbit-dal.a(ManagedString.cpp.obj)
                0x000000000001a3b8                ManagedString::ManagedString(char const*, short)
                0x000000000001a3b8                ManagedString::ManagedString(char const*, short)
 .text._ZN13ManagedStringC2Ev
                0x000000000001a40c        0xc ym/microbit-dal/source/microbit-dal.a(ManagedString.cpp.obj)
                0x000000000001a40c                ManagedString::ManagedString()
                0x000000000001a40c                ManagedString::ManagedString()
 .text.startup._GLOBAL__sub_I__ZN13ManagedString9initEmptyEv
                0x000000000001a418       0x28 ym/microbit-dal/source/microbit-dal.a(ManagedString.cpp.obj)
 .text._ZN13MicroBitEvent4fireEv
                0x000000000001a440       0x28 ym/microbit-dal/source/microbit-dal.a(MicroBitEvent.cpp.obj)
                0x000000000001a440                MicroBitEvent::fire()
 .text._ZN13MicroBitImageC2Ev
                0x000000000001a468        0xc ym/microbit-dal/source/microbit-dal.a(MicroBitImage.cpp.obj)
                0x000000000001a468                MicroBitImage::MicroBitImage()
                0x000000000001a468                MicroBitImage::MicroBitImage()
 .text._ZN13MicroBitImageC2EP9ImageData
                0x000000000001a474       0x1c ym/microbit-dal/source/microbit-dal.a(MicroBitImage.cpp.obj)
                0x000000000001a474                MicroBitImage::MicroBitImage(ImageData*)
                0x000000000001a474                MicroBitImage::MicroBitImage(ImageData*)
 .text._ZN13MicroBitImage13setPixelValueEssh
                0x000000000001a490       0x2c ym/microbit-dal/source/microbit-dal.a(MicroBitImage.cpp.obj)
                0x000000000001a490                MicroBitImage::setPixelValue(short, short, unsigned char)
 .text._ZN13MicroBitImage10printImageEssPKh
                0x000000000001a4bc       0x60 ym/microbit-dal/source/microbit-dal.a(MicroBitImage.cpp.obj)
                0x000000000001a4bc                MicroBitImage::printImage(short, short, unsigned char const*)
 .text._ZN13MicroBitImage4initEssPKh
                0x000000000001a51c       0x4c ym/microbit-dal/source/microbit-dal.a(MicroBitImage.cpp.obj)
                0x000000000001a51c                MicroBitImage::init(short, short, unsigned char const*)
 .text._ZN13MicroBitImageC2EPKc
                0x000000000001a568       0xa0 ym/microbit-dal/source/microbit-dal.a(MicroBitImage.cpp.obj)
                0x000000000001a568                MicroBitImage::MicroBitImage(char const*)
                0x000000000001a568                MicroBitImage::MicroBitImage(char const*)
 .text._ZN13MicroBitImage5printEcss
                0x000000000001a608       0x8c ym/microbit-dal/source/microbit-dal.a(MicroBitImage.cpp.obj)
                0x000000000001a608                MicroBitImage::print(char, short, short)
 .text._ZN13MicroBitImage9shiftLeftEs
                0x000000000001a694       0x50 ym/microbit-dal/source/microbit-dal.a(MicroBitImage.cpp.obj)
                0x000000000001a694                MicroBitImage::shiftLeft(short)
 .text.startup._GLOBAL__sub_I__ZN13MicroBitImage10EmptyImageE
                0x000000000001a6e4       0x28 ym/microbit-dal/source/microbit-dal.a(MicroBitImage.cpp.obj)
 .text.startup._GLOBAL__sub_I__ZN12PacketBuffer11EmptyPacketE
                0x000000000001a70c       0x24 ym/microbit-dal/source/microbit-dal.a(PacketBuffer.cpp.obj)
 .text._ZL16isReadOnlyInlineP10RefCounted.isra.0
                0x000000000001a730       0x24 ym/microbit-dal/source/microbit-dal.a(RefCounted.cpp.obj)
 .text._ZN21MicroBitAccelerometer9configureEv
                0x000000000001a754        0x8 ym/microbit-dal/source/microbit-dal.a(MicroBitAccelerometer.cpp.obj)
                0x000000000001a754                MicroBitAccelerometer::configure()
 .text._ZN21MicroBitAccelerometer13requestUpdateEv
                0x000000000001a75c       0x10 ym/microbit-dal/source/microbit-dal.a(MicroBitAccelerometer.cpp.obj)
                0x000000000001a75c                MicroBitAccelerometer::requestUpdate()
 .text._ZN21MicroBitAccelerometerC2ER15CoordinateSpacet
                0x000000000001a76c       0x50 ym/microbit-dal/source/microbit-dal.a(MicroBitAccelerometer.cpp.obj)
                0x000000000001a76c                MicroBitAccelerometer::MicroBitAccelerometer(CoordinateSpace&, unsigned short)
                0x000000000001a76c                MicroBitAccelerometer::MicroBitAccelerometer(CoordinateSpace&, unsigned short)
 .text._ZN21MicroBitAccelerometer10autoDetectER11MicroBitI2C
                0x000000000001a7bc      0x168 ym/microbit-dal/source/microbit-dal.a(MicroBitAccelerometer.cpp.obj)
                0x000000000001a7bc                MicroBitAccelerometer::autoDetect(MicroBitI2C&)
 .text._ZN21MicroBitAccelerometer20instantaneousPostureEv
                0x000000000001a924      0x19c ym/microbit-dal/source/microbit-dal.a(MicroBitAccelerometer.cpp.obj)
                0x000000000001a924                MicroBitAccelerometer::instantaneousPosture()
 .text._ZN14MicroBitButton10systemTickEv
                0x000000000001aac0       0xd8 ym/microbit-dal/source/microbit-dal.a(MicroBitButton.cpp.obj)
                0x000000000001aac0                MicroBitButton::systemTick()
 .text._ZN14MicroBitButtonD2Ev
                0x000000000001ab98       0x18 ym/microbit-dal/source/microbit-dal.a(MicroBitButton.cpp.obj)
                0x000000000001ab98                MicroBitButton::~MicroBitButton()
                0x000000000001ab98                MicroBitButton::~MicroBitButton()
 .text._ZN14MicroBitButtonC2E7PinNamet32MicroBitButtonEventConfiguration7PinMode
                0x000000000001abb0       0x58 ym/microbit-dal/source/microbit-dal.a(MicroBitButton.cpp.obj)
                0x000000000001abb0                MicroBitButton::MicroBitButton(PinName, unsigned short, MicroBitButtonEventConfiguration, PinMode)
                0x000000000001abb0                MicroBitButton::MicroBitButton(PinName, unsigned short, MicroBitButtonEventConfiguration, PinMode)
 .text._ZN15MicroBitCompass9configureEv
                0x000000000001ac08        0x8 ym/microbit-dal/source/microbit-dal.a(MicroBitCompass.cpp.obj)
                0x000000000001ac08                MicroBitCompass::configure()
 .text._ZN15MicroBitCompass13requestUpdateEv
                0x000000000001ac10       0x10 ym/microbit-dal/source/microbit-dal.a(MicroBitCompass.cpp.obj)
                0x000000000001ac10                MicroBitCompass::requestUpdate()
 .text._ZN15MicroBitCompassC2ER15CoordinateSpacet
                0x000000000001ac20       0x44 ym/microbit-dal/source/microbit-dal.a(MicroBitCompass.cpp.obj)
                0x000000000001ac20                MicroBitCompass::MicroBitCompass(CoordinateSpace&, unsigned short)
                0x000000000001ac20                MicroBitCompass::MicroBitCompass(CoordinateSpace&, unsigned short)
 .text._ZN15MicroBitCompass10autoDetectER11MicroBitI2C
                0x000000000001ac64      0x160 ym/microbit-dal/source/microbit-dal.a(MicroBitCompass.cpp.obj)
                0x000000000001ac64                MicroBitCompass::autoDetect(MicroBitI2C&)
 .text._ZN10EventModel6listenI25MicroBitCompassCalibratorEEittPT_MS2_Fv13MicroBitEventEt.isra.0
                0x000000000001adc4       0xa4 ym/microbit-dal/source/microbit-dal.a(MicroBitCompassCalibrator.cpp.obj)
 .text._ZN25MicroBitCompassCalibratorC2ER15MicroBitCompassR21MicroBitAccelerometerR15MicroBitDisplayR15MicroBitStorage
                0x000000000001ae68       0x80 ym/microbit-dal/source/microbit-dal.a(MicroBitCompassCalibrator.cpp.obj)
                0x000000000001ae68                MicroBitCompassCalibrator::MicroBitCompassCalibrator(MicroBitCompass&, MicroBitAccelerometer&, MicroBitDisplay&, MicroBitStorage&)
                0x000000000001ae68                MicroBitCompassCalibrator::MicroBitCompassCalibrator(MicroBitCompass&, MicroBitAccelerometer&, MicroBitDisplay&, MicroBitStorage&)
 .text._ZN25MicroBitCompassCalibrator11calibrateUXE13MicroBitEvent
                0x000000000001aee8      0x298 ym/microbit-dal/source/microbit-dal.a(MicroBitCompassCalibrator.cpp.obj)
                0x000000000001aee8                MicroBitCompassCalibrator::calibrateUX(MicroBitEvent)
 .text._ZN15MicroBitDisplay15renderGreyscaleEv
                0x000000000001b180       0xfc ym/microbit-dal/source/microbit-dal.a(MicroBitDisplay.cpp.obj)
                0x000000000001b180                MicroBitDisplay::renderGreyscale()
 .text._ZN15MicroBitDisplayD2Ev
                0x000000000001b27c       0x50 ym/microbit-dal/source/microbit-dal.a(MicroBitDisplay.cpp.obj)
                0x000000000001b27c                MicroBitDisplay::~MicroBitDisplay()
                0x000000000001b27c                MicroBitDisplay::~MicroBitDisplay()
 .text._ZN15MicroBitDisplayC2EtRK9MatrixMap
                0x000000000001b2cc       0xd8 ym/microbit-dal/source/microbit-dal.a(MicroBitDisplay.cpp.obj)
                0x000000000001b2cc                MicroBitDisplay::MicroBitDisplay(unsigned short, MatrixMap const&)
                0x000000000001b2cc                MicroBitDisplay::MicroBitDisplay(unsigned short, MatrixMap const&)
 .text._ZN15MicroBitDisplay6renderEv
                0x000000000001b3a4       0xf8 ym/microbit-dal/source/microbit-dal.a(MicroBitDisplay.cpp.obj)
                0x000000000001b3a4                MicroBitDisplay::render()
 .text._ZN15MicroBitDisplay26sendAnimationCompleteEventEv
                0x000000000001b49c       0x24 ym/microbit-dal/source/microbit-dal.a(MicroBitDisplay.cpp.obj)
                0x000000000001b49c                MicroBitDisplay::sendAnimationCompleteEvent()
 .text._ZN15MicroBitDisplay13stopAnimationEv
                0x000000000001b4c0       0x38 ym/microbit-dal/source/microbit-dal.a(MicroBitDisplay.cpp.obj)
                0x000000000001b4c0                MicroBitDisplay::stopAnimation()
 .text._ZN15MicroBitDisplay18waitForFreeDisplayEv
                0x000000000001b4f8       0x24 ym/microbit-dal/source/microbit-dal.a(MicroBitDisplay.cpp.obj)
                0x000000000001b4f8                MicroBitDisplay::waitForFreeDisplay()
 .text._ZN15MicroBitDisplay9fiberWaitEv
                0x000000000001b51c       0x2c ym/microbit-dal/source/microbit-dal.a(MicroBitDisplay.cpp.obj)
                0x000000000001b51c                MicroBitDisplay::fiberWait()
 .text._ZN15MicroBitDisplay10printAsyncE13MicroBitImageiiii
                0x000000000001b548       0x54 ym/microbit-dal/source/microbit-dal.a(MicroBitDisplay.cpp.obj)
                0x000000000001b548                MicroBitDisplay::printAsync(MicroBitImage, int, int, int, int)
 .text._ZN15MicroBitDisplay5printE13MicroBitImageiiii
                0x000000000001b59c       0x68 ym/microbit-dal/source/microbit-dal.a(MicroBitDisplay.cpp.obj)
                0x000000000001b59c                MicroBitDisplay::print(MicroBitImage, int, int, int, int)
 .text._ZN15MicroBitDisplay11scrollAsyncE13ManagedStringi
                0x000000000001b604       0x54 ym/microbit-dal/source/microbit-dal.a(MicroBitDisplay.cpp.obj)
                0x000000000001b604                MicroBitDisplay::scrollAsync(ManagedString, int)
 .text._ZN15MicroBitDisplay6scrollE13ManagedStringi
                0x000000000001b658       0x4c ym/microbit-dal/source/microbit-dal.a(MicroBitDisplay.cpp.obj)
                0x000000000001b658                MicroBitDisplay::scroll(ManagedString, int)
 .text._ZN15MicroBitDisplay12animateAsyncE13MicroBitImageiiii
                0x000000000001b6a4       0x74 ym/microbit-dal/source/microbit-dal.a(MicroBitDisplay.cpp.obj)
                0x000000000001b6a4                MicroBitDisplay::animateAsync(MicroBitImage, int, int, int, int)
 .text._ZN15MicroBitDisplay7animateE13MicroBitImageiiii
                0x000000000001b718       0x60 ym/microbit-dal/source/microbit-dal.a(MicroBitDisplay.cpp.obj)
                0x000000000001b718                MicroBitDisplay::animate(MicroBitImage, int, int, int, int)
 .text._ZN15MicroBitDisplay13setBrightnessEi
                0x000000000001b778       0x14 ym/microbit-dal/source/microbit-dal.a(MicroBitDisplay.cpp.obj)
                0x000000000001b778                MicroBitDisplay::setBrightness(int)
 .text._ZN11MicroBitI2C4readEiPcib
                0x000000000001b78c       0x20 ym/microbit-dal/source/microbit-dal.a(MicroBitI2C.cpp.obj)
                0x000000000001b78c                MicroBitI2C::read(int, char*, int, bool)
 .text._ZN11MicroBitI2C5writeEiPKcib
                0x000000000001b7ac       0x20 ym/microbit-dal/source/microbit-dal.a(MicroBitI2C.cpp.obj)
                0x000000000001b7ac                MicroBitI2C::write(int, char const*, int, bool)
 .text._ZN11MicroBitI2C12readRegisterEhhPhi
                0x000000000001b7cc       0x4c ym/microbit-dal/source/microbit-dal.a(MicroBitI2C.cpp.obj)
                0x000000000001b7cc                MicroBitI2C::readRegister(unsigned char, unsigned char, unsigned char*, int)
 .text._ZN18MicroBitMessageBus6removeEP16MicroBitListener
                0x000000000001b818       0x94 ym/microbit-dal/source/microbit-dal.a(MicroBitMessageBus.cpp.obj)
                0x000000000001b818                MicroBitMessageBus::remove(MicroBitListener*)
 .text._ZN18MicroBitMessageBus3addEP16MicroBitListener
                0x000000000001b8ac       0xd8 ym/microbit-dal/source/microbit-dal.a(MicroBitMessageBus.cpp.obj)
                0x000000000001b8ac                MicroBitMessageBus::add(MicroBitListener*)
 .text._ZN18MicroBitMessageBusD2Ev
                0x000000000001b984       0x20 ym/microbit-dal/source/microbit-dal.a(MicroBitMessageBus.cpp.obj)
                0x000000000001b984                MicroBitMessageBus::~MicroBitMessageBus()
                0x000000000001b984                MicroBitMessageBus::~MicroBitMessageBus()
 .text._ZThn8_N18MicroBitMessageBusD1Ev
                0x000000000001b9a4       0x10 ym/microbit-dal/source/microbit-dal.a(MicroBitMessageBus.cpp.obj)
                0x000000000001b9a4                non-virtual thunk to MicroBitMessageBus::~MicroBitMessageBus()
 .text._ZThn8_N18MicroBitMessageBusD0Ev
                0x000000000001b9b4       0x10 ym/microbit-dal/source/microbit-dal.a(MicroBitMessageBus.cpp.obj)
                0x000000000001b9b4                non-virtual thunk to MicroBitMessageBus::~MicroBitMessageBus()
 .text._ZN18MicroBitMessageBusC2Ev
                0x000000000001b9c4       0x3c ym/microbit-dal/source/microbit-dal.a(MicroBitMessageBus.cpp.obj)
                0x000000000001b9c4                MicroBitMessageBus::MicroBitMessageBus()
                0x000000000001b9c4                MicroBitMessageBus::MicroBitMessageBus()
 .text._ZN18MicroBitMessageBus7processE13MicroBitEventb
                0x000000000001ba00       0x98 ym/microbit-dal/source/microbit-dal.a(MicroBitMessageBus.cpp.obj)
                0x000000000001ba00                MicroBitMessageBus::process(MicroBitEvent, bool)
 .text._ZThn8_N18MicroBitMessageBus8idleTickEv
                0x000000000001ba98       0x10 ym/microbit-dal/source/microbit-dal.a(MicroBitMessageBus.cpp.obj)
                0x000000000001ba98                non-virtual thunk to MicroBitMessageBus::idleTick()
 .text.startup._GLOBAL__sub_I__ZN18MicroBitMessageBusC2Ev
                0x000000000001baa8       0x10 ym/microbit-dal/source/microbit-dal.a(MicroBitMessageBus.cpp.obj)
 .text._ZN10EventModel6listenI19MicroBitMultiButtonEEittPT_MS2_Fv13MicroBitEventEt.isra.0
                0x000000000001bab8       0xa4 ym/microbit-dal/source/microbit-dal.a(MicroBitMultiButton.cpp.obj)
 .text._ZN19MicroBitMultiButtonC2Ettt
                0x000000000001bb5c       0x70 ym/microbit-dal/source/microbit-dal.a(MicroBitMultiButton.cpp.obj)
                0x000000000001bb5c                MicroBitMultiButton::MicroBitMultiButton(unsigned short, unsigned short, unsigned short)
                0x000000000001bb5c                MicroBitMultiButton::MicroBitMultiButton(unsigned short, unsigned short, unsigned short)
 .text._ZN11MicroBitPinC2Ei7PinName13PinCapability
                0x000000000001bbcc       0x1c ym/microbit-dal/source/microbit-dal.a(MicroBitPin.cpp.obj)
                0x000000000001bbcc                MicroBitPin::MicroBitPin(int, PinName, PinCapability)
                0x000000000001bbcc                MicroBitPin::MicroBitPin(int, PinName, PinCapability)
 .text._ZN11MicroBitPin10disconnectEv
                0x000000000001bbe8       0x88 ym/microbit-dal/source/microbit-dal.a(MicroBitPin.cpp.obj)
                0x000000000001bbe8                MicroBitPin::disconnect()
 .text._ZN11MicroBitPin15setDigitalValueEi
                0x000000000001bc70       0x70 ym/microbit-dal/source/microbit-dal.a(MicroBitPin.cpp.obj)
                0x000000000001bc70                MicroBitPin::setDigitalValue(int)
 .text._ZN11MicroBitPin15getDigitalValueEv
                0x000000000001bce0       0x70 ym/microbit-dal/source/microbit-dal.a(MicroBitPin.cpp.obj)
                0x000000000001bce0                MicroBitPin::getDigitalValue()
 .text._ZN11MicroBitPin7setPullE7PinMode
                0x000000000001bd50       0x2c ym/microbit-dal/source/microbit-dal.a(MicroBitPin.cpp.obj)
                0x000000000001bd50                MicroBitPin::setPull(PinMode)
 .text._ZN13MicroBitRadioC2Et
                0x000000000001bd7c       0x40 ym/microbit-dal/source/microbit-dal.a(MicroBitRadio.cpp.obj)
                0x000000000001bd7c                MicroBitRadio::MicroBitRadio(unsigned short)
                0x000000000001bd7c                MicroBitRadio::MicroBitRadio(unsigned short)
 .text._ZN13MicroBitRadio7setRSSIEi
                0x000000000001bdbc       0x14 ym/microbit-dal/source/microbit-dal.a(MicroBitRadio.cpp.obj)
                0x000000000001bdbc                MicroBitRadio::setRSSI(int)
 .text._ZN13MicroBitRadio7getRSSIEv
                0x000000000001bdd0       0x14 ym/microbit-dal/source/microbit-dal.a(MicroBitRadio.cpp.obj)
                0x000000000001bdd0                MicroBitRadio::getRSSI()
 .text._ZN13MicroBitRadio10queueRxBufEv
                0x000000000001bde4       0x60 ym/microbit-dal/source/microbit-dal.a(MicroBitRadio.cpp.obj)
                0x000000000001bde4                MicroBitRadio::queueRxBuf()
 .text.RADIO_IRQHandler
                0x000000000001be44       0x64 ym/microbit-dal/source/microbit-dal.a(MicroBitRadio.cpp.obj)
                0x000000000001be44                RADIO_IRQHandler
 .text._ZN13MicroBitRadio8setGroupEh
                0x000000000001bea8       0x28 ym/microbit-dal/source/microbit-dal.a(MicroBitRadio.cpp.obj)
                0x000000000001bea8                MicroBitRadio::setGroup(unsigned char)
 .text._ZN13MicroBitRadio6enableEv
                0x000000000001bed0      0x128 ym/microbit-dal/source/microbit-dal.a(MicroBitRadio.cpp.obj)
                0x000000000001bed0                MicroBitRadio::enable()
 .text._ZN13MicroBitRadio4recvEv
                0x000000000001bff8       0x28 ym/microbit-dal/source/microbit-dal.a(MicroBitRadio.cpp.obj)
                0x000000000001bff8                MicroBitRadio::recv()
 .text._ZN13MicroBitRadio4sendEP11FrameBuffer
                0x000000000001c020       0xa8 ym/microbit-dal/source/microbit-dal.a(MicroBitRadio.cpp.obj)
                0x000000000001c020                MicroBitRadio::send(FrameBuffer*)
 .text._ZN21MicroBitRadioDatagram4recvEv
                0x000000000001c0c8       0x40 ym/microbit-dal/source/microbit-dal.a(MicroBitRadioDatagram.cpp.obj)
                0x000000000001c0c8                MicroBitRadioDatagram::recv()
 .text._ZN21MicroBitRadioDatagram4sendEPhi
                0x000000000001c108       0x38 ym/microbit-dal/source/microbit-dal.a(MicroBitRadioDatagram.cpp.obj)
                0x000000000001c108                MicroBitRadioDatagram::send(unsigned char*, int)
 .text._ZN14MicroBitSerial4baudEi
                0x000000000001c140       0x14 ym/microbit-dal/source/microbit-dal.a(MicroBitSerial.cpp.obj)
                0x000000000001c140                MicroBitSerial::baud(int)
 .text._ZN14MicroBitSerialC2E7PinNameS0_hh
                0x000000000001c154       0x50 ym/microbit-dal/source/microbit-dal.a(MicroBitSerial.cpp.obj)
                0x000000000001c154                MicroBitSerial::MicroBitSerial(PinName, PinName, unsigned char, unsigned char)
                0x000000000001c154                MicroBitSerial::MicroBitSerial(PinName, PinName, unsigned char, unsigned char)
 .text._ZN15MicroBitStorage4sizeEv
                0x000000000001c1a4       0x60 ym/microbit-dal/source/microbit-dal.a(MicroBitStorage.cpp.obj)
                0x000000000001c1a4                MicroBitStorage::size()
 .text._ZN15MicroBitStorage3putEPKcPhi
                0x000000000001c204      0x1ac ym/microbit-dal/source/microbit-dal.a(MicroBitStorage.cpp.obj)
                0x000000000001c204                MicroBitStorage::put(char const*, unsigned char*, int)
 .text._ZN15MicroBitStorage6removeEPKc
                0x000000000001c3b0       0xdc ym/microbit-dal/source/microbit-dal.a(MicroBitStorage.cpp.obj)
                0x000000000001c3b0                MicroBitStorage::remove(char const*)
 .text._ZN19MicroBitThermometerC2ER15MicroBitStoraget
                0x000000000001c48c       0x48 ym/microbit-dal/source/microbit-dal.a(MicroBitThermometer.cpp.obj)
                0x000000000001c48c                MicroBitThermometer::MicroBitThermometer(MicroBitStorage&, unsigned short)
                0x000000000001c48c                MicroBitThermometer::MicroBitThermometer(MicroBitStorage&, unsigned short)
 .text._ZN19MicroBitThermometer12updateSampleEv
                0x000000000001c4d4       0x8c ym/microbit-dal/source/microbit-dal.a(MicroBitThermometer.cpp.obj)
                0x000000000001c4d4                MicroBitThermometer::updateSample()
 .text._ZL18nvmc_event_handlerm
                0x000000000001c560       0x10 ym/microbit-dal/source/microbit-dal.a(MicroBitFlash.cpp.obj)
 .text._ZN13MicroBitFlashC2Ev
                0x000000000001c570       0x24 ym/microbit-dal/source/microbit-dal.a(MicroBitFlash.cpp.obj)
                0x000000000001c570                MicroBitFlash::MicroBitFlash()
                0x000000000001c570                MicroBitFlash::MicroBitFlash()
 .text._ZN13MicroBitFlash10erase_pageEPm
                0x000000000001c594       0x68 ym/microbit-dal/source/microbit-dal.a(MicroBitFlash.cpp.obj)
                0x000000000001c594                MicroBitFlash::erase_page(unsigned long*)
 .text._ZN13MicroBitFlash10flash_burnEPmS0_i
                0x000000000001c5fc       0x80 ym/microbit-dal/source/microbit-dal.a(MicroBitFlash.cpp.obj)
                0x000000000001c5fc                MicroBitFlash::flash_burn(unsigned long*, unsigned long*, int)
 .text._ZThn68_N8FXOS87008idleTickEv
                0x000000000001c67c       0x10 ym/microbit-dal/source/microbit-dal.a(FXOS8700.cpp.obj)
                0x000000000001c67c                non-virtual thunk to FXOS8700::idleTick()
 .text._ZN8FXOS87009configureEv
                0x000000000001c68c       0xe4 ym/microbit-dal/source/microbit-dal.a(FXOS8700.cpp.obj)
                0x000000000001c68c                FXOS8700::configure()
 .text._ZThn68_N8FXOS87009configureEv
                0x000000000001c770       0x10 ym/microbit-dal/source/microbit-dal.a(FXOS8700.cpp.obj)
                0x000000000001c770                non-virtual thunk to FXOS8700::configure()
 .text._ZN8FXOS8700D2Ev
                0x000000000001c780       0x24 ym/microbit-dal/source/microbit-dal.a(FXOS8700.cpp.obj)
                0x000000000001c780                FXOS8700::~FXOS8700()
                0x000000000001c780                FXOS8700::~FXOS8700()
 .text._ZThn68_N8FXOS8700D1Ev
                0x000000000001c7a4       0x10 ym/microbit-dal/source/microbit-dal.a(FXOS8700.cpp.obj)
                0x000000000001c7a4                non-virtual thunk to FXOS8700::~FXOS8700()
 .text._ZThn68_N8FXOS8700D0Ev
                0x000000000001c7b4       0x10 ym/microbit-dal/source/microbit-dal.a(FXOS8700.cpp.obj)
                0x000000000001c7b4                non-virtual thunk to FXOS8700::~FXOS8700()
 .text._ZN8FXOS870013requestUpdateEv
                0x000000000001c7c4       0xfc ym/microbit-dal/source/microbit-dal.a(FXOS8700.cpp.obj)
                0x000000000001c7c4                FXOS8700::requestUpdate()
 .text._ZThn68_N8FXOS870013requestUpdateEv
                0x000000000001c8c0       0x10 ym/microbit-dal/source/microbit-dal.a(FXOS8700.cpp.obj)
                0x000000000001c8c0                non-virtual thunk to FXOS8700::requestUpdate()
 .text._ZN8FXOS8700C2ER11MicroBitI2C11MicroBitPinR15CoordinateSpacettt
                0x000000000001c8d0       0x80 ym/microbit-dal/source/microbit-dal.a(FXOS8700.cpp.obj)
                0x000000000001c8d0                FXOS8700::FXOS8700(MicroBitI2C&, MicroBitPin, CoordinateSpace&, unsigned short, unsigned short, unsigned short)
                0x000000000001c8d0                FXOS8700::FXOS8700(MicroBitI2C&, MicroBitPin, CoordinateSpace&, unsigned short, unsigned short, unsigned short)
 .text._ZN7MMA86539configureEv
                0x000000000001c950       0xb0 ym/microbit-dal/source/microbit-dal.a(MMA8653.cpp.obj)
                0x000000000001c950                MMA8653::configure()
 .text._ZN7MMA8653D2Ev
                0x000000000001ca00       0x18 ym/microbit-dal/source/microbit-dal.a(MMA8653.cpp.obj)
                0x000000000001ca00                MMA8653::~MMA8653()
                0x000000000001ca00                MMA8653::~MMA8653()
 .text._ZN7MMA865313requestUpdateEv
                0x000000000001ca18       0x78 ym/microbit-dal/source/microbit-dal.a(MMA8653.cpp.obj)
                0x000000000001ca18                MMA8653::requestUpdate()
 .text._ZN7MMA8653C2ER11MicroBitI2C11MicroBitPinR15CoordinateSpacett
                0x000000000001ca90       0x5c ym/microbit-dal/source/microbit-dal.a(MMA8653.cpp.obj)
                0x000000000001ca90                MMA8653::MMA8653(MicroBitI2C&, MicroBitPin, CoordinateSpace&, unsigned short, unsigned short)
                0x000000000001ca90                MMA8653::MMA8653(MicroBitI2C&, MicroBitPin, CoordinateSpace&, unsigned short, unsigned short)
 .text._ZN7MAG3110D2Ev
                0x000000000001caec       0x18 ym/microbit-dal/source/microbit-dal.a(MAG3110.cpp.obj)
                0x000000000001caec                MAG3110::~MAG3110()
                0x000000000001caec                MAG3110::~MAG3110()
 .text._ZN7MAG31109configureEv
                0x000000000001cb04       0xa4 ym/microbit-dal/source/microbit-dal.a(MAG3110.cpp.obj)
                0x000000000001cb04                MAG3110::configure()
 .text._ZN7MAG311013requestUpdateEv
                0x000000000001cba8       0x90 ym/microbit-dal/source/microbit-dal.a(MAG3110.cpp.obj)
                0x000000000001cba8                MAG3110::requestUpdate()
 .text._ZN7MAG3110C2ER11MicroBitI2C11MicroBitPinR15CoordinateSpacett
                0x000000000001cc38       0x54 ym/microbit-dal/source/microbit-dal.a(MAG3110.cpp.obj)
                0x000000000001cc38                MAG3110::MAG3110(MicroBitI2C&, MicroBitPin, CoordinateSpace&, unsigned short, unsigned short)
                0x000000000001cc38                MAG3110::MAG3110(MicroBitI2C&, MicroBitPin, CoordinateSpace&, unsigned short, unsigned short)
 .text._ZN19LSM303Accelerometer9configureEv
                0x000000000001cc8c       0xa0 ym/microbit-dal/source/microbit-dal.a(LSM303Accelerometer.cpp.obj)
                0x000000000001cc8c                LSM303Accelerometer::configure()
 .text._ZN19LSM303AccelerometerD2Ev
                0x000000000001cd2c       0x18 ym/microbit-dal/source/microbit-dal.a(LSM303Accelerometer.cpp.obj)
                0x000000000001cd2c                LSM303Accelerometer::~LSM303Accelerometer()
                0x000000000001cd2c                LSM303Accelerometer::~LSM303Accelerometer()
 .text._ZN19LSM303Accelerometer13requestUpdateEv
                0x000000000001cd44       0x94 ym/microbit-dal/source/microbit-dal.a(LSM303Accelerometer.cpp.obj)
                0x000000000001cd44                LSM303Accelerometer::requestUpdate()
 .text._ZN19LSM303AccelerometerC2ER11MicroBitI2C11MicroBitPinR15CoordinateSpacett
                0x000000000001cdd8       0x5c ym/microbit-dal/source/microbit-dal.a(LSM303Accelerometer.cpp.obj)
                0x000000000001cdd8                LSM303Accelerometer::LSM303Accelerometer(MicroBitI2C&, MicroBitPin, CoordinateSpace&, unsigned short, unsigned short)
                0x000000000001cdd8                LSM303Accelerometer::LSM303Accelerometer(MicroBitI2C&, MicroBitPin, CoordinateSpace&, unsigned short, unsigned short)
 .text._ZN18LSM303Magnetometer9configureEv
                0x000000000001ce34       0x60 ym/microbit-dal/source/microbit-dal.a(LSM303Magnetometer.cpp.obj)
                0x000000000001ce34                LSM303Magnetometer::configure()
 .text._ZN18LSM303MagnetometerD2Ev
                0x000000000001ce94       0x18 ym/microbit-dal/source/microbit-dal.a(LSM303Magnetometer.cpp.obj)
                0x000000000001ce94                LSM303Magnetometer::~LSM303Magnetometer()
                0x000000000001ce94                LSM303Magnetometer::~LSM303Magnetometer()
 .text._ZN18LSM303Magnetometer13requestUpdateEv
                0x000000000001ceac       0x70 ym/microbit-dal/source/microbit-dal.a(LSM303Magnetometer.cpp.obj)
                0x000000000001ceac                LSM303Magnetometer::requestUpdate()
 .text._ZN18LSM303MagnetometerC2ER11MicroBitI2C11MicroBitPinR15CoordinateSpacett
                0x000000000001cf1c       0x54 ym/microbit-dal/source/microbit-dal.a(LSM303Magnetometer.cpp.obj)
                0x000000000001cf1c                LSM303Magnetometer::LSM303Magnetometer(MicroBitI2C&, MicroBitPin, CoordinateSpace&, unsigned short, unsigned short)
                0x000000000001cf1c                LSM303Magnetometer::LSM303Magnetometer(MicroBitI2C&, MicroBitPin, CoordinateSpace&, unsigned short, unsigned short)
 .text._ZN18MicroBitBLEManagerD2Ev
                0x000000000001cf70       0x20 ym/microbit-dal/source/microbit-dal.a(MicroBitBLEManager.cpp.obj)
                0x000000000001cf70                MicroBitBLEManager::~MicroBitBLEManager()
                0x000000000001cf70                MicroBitBLEManager::~MicroBitBLEManager()
 .text._ZL25bleSysAttrMissingCallbackPK32GattSysAttrMissingCallbackParams
                0x000000000001cf90       0xc8 ym/microbit-dal/source/microbit-dal.a(MicroBitBLEManager.cpp.obj)
 .text._ZN18MicroBitBLEManager8idleTickEv
                0x000000000001d058      0x110 ym/microbit-dal/source/microbit-dal.a(MicroBitBLEManager.cpp.obj)
                0x000000000001d058                MicroBitBLEManager::idleTick()
 .text._ZN18GattCharacteristicC2ERK4UUIDPhtthPP13GattAttributejb
                0x000000000001d168       0x8c ym/microbit-dal/source/microbit-dal.a(MicroBitBLEManager.cpp.obj)
                0x000000000001d168                GattCharacteristic::GattCharacteristic(UUID const&, unsigned char*, unsigned short, unsigned short, unsigned char, GattAttribute**, unsigned int, bool)
                0x000000000001d168                GattCharacteristic::GattCharacteristic(UUID const&, unsigned char*, unsigned short, unsigned short, unsigned char, GattAttribute**, unsigned int, bool)
 .text._ZN3BLE22setAdvertisingIntervalEt
                0x000000000001d1f4       0x3c ym/microbit-dal/source/microbit-dal.a(MicroBitBLEManager.cpp.obj)
                0x000000000001d1f4                BLE::setAdvertisingInterval(unsigned short)
 .text._ZN24DeviceInformationServiceC2ER3BLEPKcS3_S3_S3_S3_S3_
                0x000000000001d230      0x1dc ym/microbit-dal/source/microbit-dal.a(MicroBitBLEManager.cpp.obj)
                0x000000000001d230                DeviceInformationService::DeviceInformationService(BLE&, char const*, char const*, char const*, char const*, char const*, char const*)
                0x000000000001d230                DeviceInformationService::DeviceInformationService(BLE&, char const*, char const*, char const*, char const*, char const*, char const*)
 .text._ZN18MicroBitBLEManagerC2ER15MicroBitStorage
                0x000000000001d40c       0x3c ym/microbit-dal/source/microbit-dal.a(MicroBitBLEManager.cpp.obj)
                0x000000000001d40c                MicroBitBLEManager::MicroBitBLEManager(MicroBitStorage&)
                0x000000000001d40c                MicroBitBLEManager::MicroBitBLEManager(MicroBitStorage&)
 .text._ZL24bleDisconnectionCallbackPKN3Gap29DisconnectionCallbackParams_tE
                0x000000000001d448       0x3c ym/microbit-dal/source/microbit-dal.a(MicroBitBLEManager.cpp.obj)
 .text._ZN18MicroBitBLEManager16setTransmitPowerEi
                0x000000000001d484       0x3c ym/microbit-dal/source/microbit-dal.a(MicroBitBLEManager.cpp.obj)
                0x000000000001d484                MicroBitBLEManager::setTransmitPower(int)
 .text._ZN18MicroBitBLEManager4initE13ManagedStringS0_R10EventModelb
                0x000000000001d4c0      0x2c4 ym/microbit-dal/source/microbit-dal.a(MicroBitBLEManager.cpp.obj)
                0x000000000001d4c0                MicroBitBLEManager::init(ManagedString, ManagedString, EventModel&, bool)
 .text._ZL22passkeyDisplayCallbacktPKh
                0x000000000001d784       0x34 ym/microbit-dal/source/microbit-dal.a(MicroBitBLEManager.cpp.obj)
 .text._ZL30securitySetupCompletedCallbacktN15SecurityManager26SecurityCompletionStatus_tE
                0x000000000001d7b8       0x40 ym/microbit-dal/source/microbit-dal.a(MicroBitBLEManager.cpp.obj)
 .text._ZN18MicroBitBLEManager27showManagementModeAnimationER15MicroBitDisplay
                0x000000000001d7f8       0xa8 ym/microbit-dal/source/microbit-dal.a(MicroBitBLEManager.cpp.obj)
                0x000000000001d7f8                MicroBitBLEManager::showManagementModeAnimation(MicroBitDisplay&)
 .text._ZN18MicroBitBLEManager11pairingModeER15MicroBitDisplayR14MicroBitButton
                0x000000000001d8a0      0x298 ym/microbit-dal/source/microbit-dal.a(MicroBitBLEManager.cpp.obj)
                0x000000000001d8a0                MicroBitBLEManager::pairingMode(MicroBitDisplay&, MicroBitButton&)
 .text._ZN18MicroBitDFUServiceC2ER3BLE
                0x000000000001db38      0x184 ym/microbit-dal/source/microbit-dal.a(MicroBitDFUService.cpp.obj)
                0x000000000001db38                MicroBitDFUService::MicroBitDFUService(BLE&)
                0x000000000001db38                MicroBitDFUService::MicroBitDFUService(BLE&)
 .text._ZN20MicroBitEventServiceC2ER3BLER10EventModel
                0x000000000001dcbc      0x20c ym/microbit-dal/source/microbit-dal.a(MicroBitEventService.cpp.obj)
                0x000000000001dcbc                MicroBitEventService::MicroBitEventService(BLE&, EventModel&)
                0x000000000001dcbc                MicroBitEventService::MicroBitEventService(BLE&, EventModel&)
 .text._ZN16MicroBitListenerC2I20MicroBitEventServiceEEttPT_MS2_Fv13MicroBitEventEt
                0x000000000001dec8       0x70 ym/microbit-dal/source/microbit-dal.a(MicroBitEventService.cpp.obj)
                0x000000000001dec8                MicroBitListener::MicroBitListener<MicroBitEventService>(unsigned short, unsigned short, MicroBitEventService*, void (MicroBitEventService::*)(MicroBitEvent), unsigned short)
                0x000000000001dec8                MicroBitListener::MicroBitListener<MicroBitEventService>(unsigned short, unsigned short, MicroBitEventService*, void (MicroBitEventService::*)(MicroBitEvent), unsigned short)
 .text._ZN20MicroBitEventService8idleTickEv
                0x000000000001df38       0x58 ym/microbit-dal/source/microbit-dal.a(MicroBitEventService.cpp.obj)
                0x000000000001df38                MicroBitEventService::idleTick()
 .text._ZN20MicroBitEventService13onDataWrittenEPK23GattWriteCallbackParams
                0x000000000001df90       0x90 ym/microbit-dal/source/microbit-dal.a(MicroBitEventService.cpp.obj)
                0x000000000001df90                MicroBitEventService::onDataWritten(GattWriteCallbackParams const*)
 .text          0x000000000001e020      0x124 ym/microbit-dal/source/microbit-dal.a(CortexContextSwitch.s.obj)
                0x000000000001e020                swap_context
                0x000000000001e0a2                save_context
                0x000000000001e0e6                save_register_context
                0x000000000001e116                restore_register_context
 .text._Z14string_reversePc
                0x000000000001e144       0x2c ym/microbit-dal/source/microbit-dal.a(MicroBitCompat.cpp.obj)
                0x000000000001e144                string_reverse(char*)
 .text._Z4itoaiPc
                0x000000000001e170       0x68 ym/microbit-dal/source/microbit-dal.a(MicroBitCompat.cpp.obj)
                0x000000000001e170                itoa(int, char*)
 .text._ZNK13KeyValueTable4findEm
                0x000000000001e1d8       0x28 ym/microbit-dal/source/microbit-dal.a(MicroBitUtil.cpp.obj)
                0x000000000001e1d8                KeyValueTable::find(unsigned long) const
 .text._ZN3BLEC2Ej.part.0
                0x000000000001e200       0x20 ym/ble/source/ble.a(BLE.cpp.obj)
 .text._ZN3BLE8InstanceEj
                0x000000000001e220       0x48 ym/ble/source/ble.a(BLE.cpp.obj)
                0x000000000001e220                BLE::Instance(unsigned int)
 .text._ZNK3BLE3gapEv
                0x000000000001e268       0x20 ym/ble/source/ble.a(BLE.cpp.obj)
                0x000000000001e268                BLE::gap() const
 .text._ZN3BLE3gapEv
                0x000000000001e288       0x20 ym/ble/source/ble.a(BLE.cpp.obj)
                0x000000000001e288                BLE::gap()
 .text._ZN3BLE10gattServerEv
                0x000000000001e2a8       0x20 ym/ble/source/ble.a(BLE.cpp.obj)
                0x000000000001e2a8                BLE::gattServer()
 .text._ZN3BLE15securityManagerEv
                0x000000000001e2c8       0x20 ym/ble/source/ble.a(BLE.cpp.obj)
                0x000000000001e2c8                BLE::securityManager()
 .text._ZNK3Gap25getMaxAdvertisingIntervalEv
                0x000000000001e2e8        0x8 ym/ble-nrf51822/source/ble-nrf51822.a(nRF5xn.cpp.obj)
                0x000000000001e2e8                Gap::getMaxAdvertisingInterval() const
 .text._ZN10GattClient16discoverServicesEt26FunctionPointerWithContextIPK17DiscoveredServiceERK4UUID
                0x000000000001e2f0       0x60 ym/ble-nrf51822/source/ble-nrf51822.a(nRF5xn.cpp.obj)
                0x000000000001e2f0                GattClient::discoverServices(unsigned short, FunctionPointerWithContext<DiscoveredService const*>, UUID const&)
 .text._ZNK6nRF5xn18getSecurityManagerEv
                0x000000000001e350       0x34 ym/ble-nrf51822/source/ble-nrf51822.a(nRF5xn.cpp.obj)
                0x000000000001e350                nRF5xn::getSecurityManager() const
 .text._ZN6nRF5xn13getGattClientEv
                0x000000000001e384       0x48 ym/ble-nrf51822/source/ble-nrf51822.a(nRF5xn.cpp.obj)
                0x000000000001e384                nRF5xn::getGattClient()
 .text._ZN38CallChainOfFunctionPointersWithContextIPK3GapED2Ev
                0x000000000001e3cc       0x20 ym/ble-nrf51822/source/ble-nrf51822.a(nRF5xn.cpp.obj)
                0x000000000001e3cc                CallChainOfFunctionPointersWithContext<Gap const*>::~CallChainOfFunctionPointersWithContext()
                0x000000000001e3cc                CallChainOfFunctionPointersWithContext<Gap const*>::~CallChainOfFunctionPointersWithContext()
 .text._ZN38CallChainOfFunctionPointersWithContextIN3Gap15TimeoutSource_tEED2Ev
                0x000000000001e3ec       0x20 ym/ble-nrf51822/source/ble-nrf51822.a(nRF5xn.cpp.obj)
                0x000000000001e3ec                CallChainOfFunctionPointersWithContext<Gap::TimeoutSource_t>::~CallChainOfFunctionPointersWithContext()
                0x000000000001e3ec                CallChainOfFunctionPointersWithContext<Gap::TimeoutSource_t>::~CallChainOfFunctionPointersWithContext()
 .text._ZN38CallChainOfFunctionPointersWithContextIPKN3Gap26ConnectionCallbackParams_tEED2Ev
                0x000000000001e40c       0x20 ym/ble-nrf51822/source/ble-nrf51822.a(nRF5xn.cpp.obj)
                0x000000000001e40c                CallChainOfFunctionPointersWithContext<Gap::ConnectionCallbackParams_t const*>::~CallChainOfFunctionPointersWithContext()
                0x000000000001e40c                CallChainOfFunctionPointersWithContext<Gap::ConnectionCallbackParams_t const*>::~CallChainOfFunctionPointersWithContext()
 .text._ZN38CallChainOfFunctionPointersWithContextIPKN3Gap29DisconnectionCallbackParams_tEED2Ev
                0x000000000001e42c       0x20 ym/ble-nrf51822/source/ble-nrf51822.a(nRF5xn.cpp.obj)
                0x000000000001e42c                CallChainOfFunctionPointersWithContext<Gap::DisconnectionCallbackParams_t const*>::~CallChainOfFunctionPointersWithContext()
                0x000000000001e42c                CallChainOfFunctionPointersWithContext<Gap::DisconnectionCallbackParams_t const*>::~CallChainOfFunctionPointersWithContext()
 .text._ZN38CallChainOfFunctionPointersWithContextIPK15SecurityManagerED2Ev
                0x000000000001e44c       0x20 ym/ble-nrf51822/source/ble-nrf51822.a(nRF5xn.cpp.obj)
                0x000000000001e44c                CallChainOfFunctionPointersWithContext<SecurityManager const*>::~CallChainOfFunctionPointersWithContext()
                0x000000000001e44c                CallChainOfFunctionPointersWithContext<SecurityManager const*>::~CallChainOfFunctionPointersWithContext()
 .text._ZN38CallChainOfFunctionPointersWithContextIPK10GattServerED2Ev
                0x000000000001e46c       0x20 ym/ble-nrf51822/source/ble-nrf51822.a(nRF5xn.cpp.obj)
                0x000000000001e46c                CallChainOfFunctionPointersWithContext<GattServer const*>::~CallChainOfFunctionPointersWithContext()
                0x000000000001e46c                CallChainOfFunctionPointersWithContext<GattServer const*>::~CallChainOfFunctionPointersWithContext()
 .text._ZN38CallChainOfFunctionPointersWithContextIjED2Ev
                0x000000000001e48c       0x20 ym/ble-nrf51822/source/ble-nrf51822.a(nRF5xn.cpp.obj)
                0x000000000001e48c                CallChainOfFunctionPointersWithContext<unsigned int>::~CallChainOfFunctionPointersWithContext()
                0x000000000001e48c                CallChainOfFunctionPointersWithContext<unsigned int>::~CallChainOfFunctionPointersWithContext()
 .text._ZN38CallChainOfFunctionPointersWithContextIPK32GattSysAttrMissingCallbackParamsED2Ev
                0x000000000001e4ac       0x20 ym/ble-nrf51822/source/ble-nrf51822.a(nRF5xn.cpp.obj)
                0x000000000001e4ac                CallChainOfFunctionPointersWithContext<GattSysAttrMissingCallbackParams const*>::~CallChainOfFunctionPointersWithContext()
                0x000000000001e4ac                CallChainOfFunctionPointersWithContext<GattSysAttrMissingCallbackParams const*>::~CallChainOfFunctionPointersWithContext()
 .text._ZN38CallChainOfFunctionPointersWithContextIPK10GattClientED2Ev
                0x000000000001e4cc       0x20 ym/ble-nrf51822/source/ble-nrf51822.a(nRF5xn.cpp.obj)
                0x000000000001e4cc                CallChainOfFunctionPointersWithContext<GattClient const*>::~CallChainOfFunctionPointersWithContext()
                0x000000000001e4cc                CallChainOfFunctionPointersWithContext<GattClient const*>::~CallChainOfFunctionPointersWithContext()
 .text._ZN38CallChainOfFunctionPointersWithContextIPK21GattHVXCallbackParamsED2Ev
                0x000000000001e4ec       0x20 ym/ble-nrf51822/source/ble-nrf51822.a(nRF5xn.cpp.obj)
                0x000000000001e4ec                CallChainOfFunctionPointersWithContext<GattHVXCallbackParams const*>::~CallChainOfFunctionPointersWithContext()
                0x000000000001e4ec                CallChainOfFunctionPointersWithContext<GattHVXCallbackParams const*>::~CallChainOfFunctionPointersWithContext()
 .text._ZN6nRF5xn10getVersionEv
                0x000000000001e50c       0x74 ym/ble-nrf51822/source/ble-nrf51822.a(nRF5xn.cpp.obj)
                0x000000000001e50c                nRF5xn::getVersion()
 .text._ZN6nRF5xn18getSecurityManagerEv
                0x000000000001e580       0x34 ym/ble-nrf51822/source/ble-nrf51822.a(nRF5xn.cpp.obj)
                0x000000000001e580                nRF5xn::getSecurityManager()
 .text._ZN6nRF5xnD2Ev
                0x000000000001e5b4       0x60 ym/ble-nrf51822/source/ble-nrf51822.a(nRF5xn.cpp.obj)
                0x000000000001e5b4                nRF5xn::~nRF5xn()
                0x000000000001e5b4                nRF5xn::~nRF5xn()
 .text._ZN3Gap5resetEv
                0x000000000001e614       0xcc ym/ble-nrf51822/source/ble-nrf51822.a(nRF5xn.cpp.obj)
                0x000000000001e614                Gap::reset()
 .text._ZN6nRF5xnC2Ev
                0x000000000001e6e0      0x138 ym/ble-nrf51822/source/ble-nrf51822.a(nRF5xn.cpp.obj)
                0x000000000001e6e0                nRF5xn::nRF5xn()
                0x000000000001e6e0                nRF5xn::nRF5xn()
 .text._ZN6nRF5xn8InstanceEj
                0x000000000001e818       0x24 ym/ble-nrf51822/source/ble-nrf51822.a(nRF5xn.cpp.obj)
                0x000000000001e818                nRF5xn::Instance(unsigned int)
 .text._ZN26FunctionPointerWithContextItEC2EPFvtE
                0x000000000001e83c       0x20 ym/ble-nrf51822/source/ble-nrf51822.a(nRF5xn.cpp.obj)
                0x000000000001e83c                FunctionPointerWithContext<unsigned short>::FunctionPointerWithContext(void (*)(unsigned short))
                0x000000000001e83c                FunctionPointerWithContext<unsigned short>::FunctionPointerWithContext(void (*)(unsigned short))
 .text._ZN15nRF5xGattServerC2Ev
                0x000000000001e85c       0xa8 ym/ble-nrf51822/source/ble-nrf51822.a(nRF5xn.cpp.obj)
                0x000000000001e85c                nRF5xGattServer::nRF5xGattServer()
                0x000000000001e85c                nRF5xGattServer::nRF5xGattServer()
 .text._ZN38CallChainOfFunctionPointersWithContextIPK23GattWriteCallbackParamsED2Ev
                0x000000000001e904       0x14 ym/ble-nrf51822/source/ble-nrf51822.a(nRF5xn.cpp.obj)
                0x000000000001e904                CallChainOfFunctionPointersWithContext<GattWriteCallbackParams const*>::~CallChainOfFunctionPointersWithContext()
                0x000000000001e904                CallChainOfFunctionPointersWithContext<GattWriteCallbackParams const*>::~CallChainOfFunctionPointersWithContext()
 .text._ZN38CallChainOfFunctionPointersWithContextIPK22GattReadCallbackParamsED2Ev
                0x000000000001e918       0x14 ym/ble-nrf51822/source/ble-nrf51822.a(nRF5xn.cpp.obj)
                0x000000000001e918                CallChainOfFunctionPointersWithContext<GattReadCallbackParams const*>::~CallChainOfFunctionPointersWithContext()
                0x000000000001e918                CallChainOfFunctionPointersWithContext<GattReadCallbackParams const*>::~CallChainOfFunctionPointersWithContext()
 .text._ZN8nRF5xGap25getPermittedTxPowerValuesEPPKaPj
                0x000000000001e92c       0x10 ym/ble-nrf51822/source/ble-nrf51822.a(nRF5xGap.cpp.obj)
                0x000000000001e92c                nRF5xGap::getPermittedTxPowerValues(signed char const**, unsigned int*)
 .text._Z31radioNotificationStaticCallbackb
                0x000000000001e93c       0x40 ym/ble-nrf51822/source/ble-nrf51822.a(nRF5xGap.cpp.obj)
                0x000000000001e93c                radioNotificationStaticCallback(bool)
 .text._ZN8nRF5xGap21initRadioNotificationEv
                0x000000000001e97c       0x20 ym/ble-nrf51822/source/ble-nrf51822.a(nRF5xGap.cpp.obj)
                0x000000000001e97c                nRF5xGap::initRadioNotification()
 .text._ZN8nRF5xGap22generateStackWhitelistER19ble_gap_whitelist_t
                0x000000000001e99c       0xdc ym/ble-nrf51822/source/ble-nrf51822.a(nRF5xGap.cpp.obj)
                0x000000000001e99c                nRF5xGap::generateStackWhitelist(ble_gap_whitelist_t&)
 .text._ZN8nRF5xGap16startAdvertisingERK20GapAdvertisingParams
                0x000000000001ea78       0xa8 ym/ble-nrf51822/source/ble-nrf51822.a(nRF5xGap.cpp.obj)
                0x000000000001ea78                nRF5xGap::startAdvertising(GapAdvertisingParams const&)
 .text._ZN8nRF5xGap7connectEPKhN11BLEProtocol11AddressType4TypeEPKN3Gap18ConnectionParams_tEPK17GapScanningParams
                0x000000000001eb20      0x104 ym/ble-nrf51822/source/ble-nrf51822.a(nRF5xGap.cpp.obj)
                0x000000000001eb20                nRF5xGap::connect(unsigned char const*, BLEProtocol::AddressType::Type, Gap::ConnectionParams_t const*, GapScanningParams const*)
 .text._Z27btle_hasInitializedSecurityv
                0x000000000001ec24        0xc ym/ble-nrf51822/source/ble-nrf51822.a(btle_security.cpp.obj)
                0x000000000001ec24                btle_hasInitializedSecurity()
 .text._Z23btle_initializeSecuritybbN15SecurityManager24SecurityIOCapabilities_tEPKh
                0x000000000001ec30       0xc8 ym/ble-nrf51822/source/ble-nrf51822.a(btle_security.cpp.obj)
                0x000000000001ec30                btle_initializeSecurity(bool, bool, SecurityManager::SecurityIOCapabilities_t, unsigned char const*)
 .text._Z25btle_purgeAllBondingStatev
                0x000000000001ecf8       0x20 ym/ble-nrf51822/source/ble-nrf51822.a(btle_security.cpp.obj)
                0x000000000001ecf8                btle_purgeAllBondingState()
 .text._Z20btle_getLinkSecuritytPN15SecurityManager20LinkSecurityStatus_tE
                0x000000000001ed18       0x54 ym/ble-nrf51822/source/ble-nrf51822.a(btle_security.cpp.obj)
                0x000000000001ed18                btle_getLinkSecurity(unsigned short, SecurityManager::LinkSecurityStatus_t*)
 .text._Z20btle_setLinkSecuritytN15SecurityManager14SecurityMode_tE
                0x000000000001ed6c       0x4c ym/ble-nrf51822/source/ble-nrf51822.a(btle_security.cpp.obj)
                0x000000000001ed6c                btle_setLinkSecurity(unsigned short, SecurityManager::SecurityMode_t)
 .text._Z33btle_createWhitelistFromBondTableP19ble_gap_whitelist_t
                0x000000000001edb8       0x2c ym/ble-nrf51822/source/ble-nrf51822.a(btle_security.cpp.obj)
                0x000000000001edb8                btle_createWhitelistFromBondTable(ble_gap_whitelist_t*)
 .text._ZL16sys_evt_dispatchm
                0x000000000001ede4       0x1c ym/ble-nrf51822/source/ble-nrf51822.a(btle.cpp.obj)
 .text._ZL12btle_handlerP9ble_evt_t
                0x000000000001ee00      0x178 ym/ble-nrf51822/source/ble-nrf51822.a(btle.cpp.obj)
 .text.btle_set_gatt_table_size
                0x000000000001ef78       0x14 ym/ble-nrf51822/source/ble-nrf51822.a(btle.cpp.obj)
                0x000000000001ef78                btle_set_gatt_table_size
 .text.btle_set_user_evt_handler
                0x000000000001ef8c        0xc ym/ble-nrf51822/source/ble-nrf51822.a(btle.cpp.obj)
                0x000000000001ef8c                btle_set_user_evt_handler
 .text.btle_init
                0x000000000001ef98       0xa4 ym/ble-nrf51822/source/ble-nrf51822.a(btle.cpp.obj)
                0x000000000001ef98                btle_init
 .text.app_error_handler
                0x000000000001f03c       0x20 ym/ble-nrf51822/source/ble-nrf51822.a(btle.cpp.obj)
                0x000000000001f03c                app_error_handler
 .text._ZN15nRF5xGattServer4readEtPhPt
                0x000000000001f05c       0x18 ym/ble-nrf51822/source/ble-nrf51822.a(nRF5xGattServer.cpp.obj)
                0x000000000001f05c                nRF5xGattServer::read(unsigned short, unsigned char*, unsigned short*)
 .text._ZN15nRF5xGattServer5writeEtPKhtb
                0x000000000001f074       0x1c ym/ble-nrf51822/source/ble-nrf51822.a(nRF5xGattServer.cpp.obj)
                0x000000000001f074                nRF5xGattServer::write(unsigned short, unsigned char const*, unsigned short, bool)
 .text._ZN15nRF5xGattServer5writeEttPKhtb
                0x000000000001f090       0xf0 ym/ble-nrf51822/source/ble-nrf51822.a(nRF5xGattServer.cpp.obj)
                0x000000000001f090                nRF5xGattServer::write(unsigned short, unsigned short, unsigned char const*, unsigned short, bool)
 .text._ZN15nRF5xGattServer10addServiceER11GattService
                0x000000000001f180      0x1e0 ym/ble-nrf51822/source/ble-nrf51822.a(nRF5xGattServer.cpp.obj)
                0x000000000001f180                nRF5xGattServer::addService(GattService&)
 .text._ZN15nRF5xGattServer5resetEv
                0x000000000001f360       0x50 ym/ble-nrf51822/source/ble-nrf51822.a(nRF5xGattServer.cpp.obj)
                0x000000000001f360                nRF5xGattServer::reset()
 .text._Z13btle_gap_initv
                0x000000000001f3b0       0x54 ym/ble-nrf51822/source/ble-nrf51822.a(btle_gap.cpp.obj)
                0x000000000001f3b0                btle_gap_init()
 .text.custom_convert_to_nordic_uuid
                0x000000000001f404       0xa4 ym/ble-nrf51822/source/ble-nrf51822.a(custom_helper.cpp.obj)
                0x000000000001f404                custom_convert_to_nordic_uuid
 .text._ZN17GapScanningParamsC2Etttb
                0x000000000001f4a8       0x60 ym/ble/source/ble.a(GapScanningParams.cpp.obj)
                0x000000000001f4a8                GapScanningParams::GapScanningParams(unsigned short, unsigned short, unsigned short, bool)
                0x000000000001f4a8                GapScanningParams::GapScanningParams(unsigned short, unsigned short, unsigned short, bool)
 .text.gatts_context_store
                0x000000000001f508       0xc0 ym/nrf51-sdk/source/nrf51-sdk.a(device_manager_peripheral.c.obj)
 .text.device_context_store
                0x000000000001f5c8       0xb0 ym/nrf51-sdk/source/nrf51-sdk.a(device_manager_peripheral.c.obj)
 .text.gatts_context_load
                0x000000000001f678       0x34 ym/nrf51-sdk/source/nrf51-sdk.a(device_manager_peripheral.c.obj)
 .text.gatts_context_apply
                0x000000000001f6ac       0xc4 ym/nrf51-sdk/source/nrf51-sdk.a(device_manager_peripheral.c.obj)
 .text.peer_instance_init
                0x000000000001f770       0x48 ym/nrf51-sdk/source/nrf51-sdk.a(device_manager_peripheral.c.obj)
 .text.device_instance_free
                0x000000000001f7b8       0x2c ym/nrf51-sdk/source/nrf51-sdk.a(device_manager_peripheral.c.obj)
 .text.dm_pstorage_cb_handler
                0x000000000001f7e4      0x128 ym/nrf51-sdk/source/nrf51-sdk.a(device_manager_peripheral.c.obj)
 .text.dm_init  0x000000000001f90c       0xd4 ym/nrf51-sdk/source/nrf51-sdk.a(device_manager_peripheral.c.obj)
                0x000000000001f90c                dm_init
 .text.dm_register
                0x000000000001f9e0       0x70 ym/nrf51-sdk/source/nrf51-sdk.a(device_manager_peripheral.c.obj)
                0x000000000001f9e0                dm_register
 .text.dm_security_status_req
                0x000000000001fa50       0x74 ym/nrf51-sdk/source/nrf51-sdk.a(device_manager_peripheral.c.obj)
                0x000000000001fa50                dm_security_status_req
 .text.dm_whitelist_create
                0x000000000001fac4       0xb8 ym/nrf51-sdk/source/nrf51-sdk.a(device_manager_peripheral.c.obj)
                0x000000000001fac4                dm_whitelist_create
 .text.dm_device_delete_all
                0x000000000001fb7c       0x54 ym/nrf51-sdk/source/nrf51-sdk.a(device_manager_peripheral.c.obj)
                0x000000000001fb7c                dm_device_delete_all
 .text.dm_application_context_set
                0x000000000001fbd0        0x8 ym/nrf51-sdk/source/nrf51-sdk.a(device_manager_peripheral.c.obj)
                0x000000000001fbd0                dm_application_context_set
 .text.dm_peer_addr_get
                0x000000000001fbd8       0x8c ym/nrf51-sdk/source/nrf51-sdk.a(device_manager_peripheral.c.obj)
                0x000000000001fbd8                dm_peer_addr_get
 .text.dm_distributed_keys_get
                0x000000000001fc64       0xb0 ym/nrf51-sdk/source/nrf51-sdk.a(device_manager_peripheral.c.obj)
                0x000000000001fc64                dm_distributed_keys_get
 .text.bond_data_load
                0x000000000001fd14       0x48 ym/nrf51-sdk/source/nrf51-sdk.a(device_manager_peripheral.c.obj)
                0x000000000001fd14                bond_data_load
 .text.address_to_device_id
                0x000000000001fd5c       0x2c ym/nrf51-sdk/source/nrf51-sdk.a(device_manager_peripheral.c.obj)
                0x000000000001fd5c                address_to_device_id
 .text.dm_ble_evt_handler
                0x000000000001fd88      0x38c ym/nrf51-sdk/source/nrf51-sdk.a(device_manager_peripheral.c.obj)
                0x000000000001fd88                dm_ble_evt_handler
 .text.dm_handle_get
                0x0000000000020114       0x48 ym/nrf51-sdk/source/nrf51-sdk.a(device_manager_peripheral.c.obj)
                0x0000000000020114                dm_handle_get
 .text.SWI1_IRQHandler
                0x000000000002015c       0x20 ym/nrf51-sdk/source/nrf51-sdk.a(ble_radio_notification.c.obj)
                0x000000000002015c                SWI1_IRQHandler
 .text.ble_radio_notification_init
                0x000000000002017c       0x38 ym/nrf51-sdk/source/nrf51-sdk.a(ble_radio_notification.c.obj)
                0x000000000002017c                ble_radio_notification_init
 .text.intern_softdevice_events_execute
                0x00000000000201b4       0xa0 ym/nrf51-sdk/source/nrf51-sdk.a(softdevice_handler.c.obj)
                0x00000000000201b4                intern_softdevice_events_execute
 .text.softdevice_handler_init
                0x0000000000020254       0x48 ym/nrf51-sdk/source/nrf51-sdk.a(softdevice_handler.c.obj)
                0x0000000000020254                softdevice_handler_init
 .text.softdevice_handler_sd_disable
                0x000000000002029c       0x18 ym/nrf51-sdk/source/nrf51-sdk.a(softdevice_handler.c.obj)
                0x000000000002029c                softdevice_handler_sd_disable
 .text.softdevice_ble_evt_handler_set
                0x00000000000202b4       0x14 ym/nrf51-sdk/source/nrf51-sdk.a(softdevice_handler.c.obj)
                0x00000000000202b4                softdevice_ble_evt_handler_set
 .text.softdevice_sys_evt_handler_set
                0x00000000000202c8       0x14 ym/nrf51-sdk/source/nrf51-sdk.a(softdevice_handler.c.obj)
                0x00000000000202c8                softdevice_sys_evt_handler_set
 .text.SWI2_IRQHandler
                0x00000000000202dc       0x24 ym/nrf51-sdk/source/nrf51-sdk.a(softdevice_handler.c.obj)
                0x00000000000202dc                SWI2_IRQHandler
 .text.pstorage_flash_page_end
                0x0000000000020300       0x20 ym/nrf51-sdk/source/nrf51-sdk.a(pstorage.c.obj)
 .text.swap_sub_state_entry_action_run
                0x0000000000020320       0x18 ym/nrf51-sdk/source/nrf51-sdk.a(pstorage.c.obj)
 .text.cmd_queue_element_init
                0x0000000000020338       0x20 ym/nrf51-sdk/source/nrf51-sdk.a(pstorage.c.obj)
 .text.app_notify
                0x0000000000020358       0x2c ym/nrf51-sdk/source/nrf51-sdk.a(pstorage.c.obj)
 .text.is_page_erase_required
                0x0000000000020384       0x50 ym/nrf51-sdk/source/nrf51-sdk.a(pstorage.c.obj)
 .text.swap_sub_state_err_busy_process
                0x00000000000203d4       0x18 ym/nrf51-sdk/source/nrf51-sdk.a(pstorage.c.obj)
 .text.data_to_swap_write_state_run
                0x00000000000203ec       0x30 ym/nrf51-sdk/source/nrf51-sdk.a(pstorage.c.obj)
 .text.swap_erase_state_run
                0x000000000002041c       0x24 ym/nrf51-sdk/source/nrf51-sdk.a(pstorage.c.obj)
 .text.flash_api_err_code_process
                0x0000000000020440       0x40 ym/nrf51-sdk/source/nrf51-sdk.a(pstorage.c.obj)
 .text.store_cmd_flash_write_execute
                0x0000000000020480       0x54 ym/nrf51-sdk/source/nrf51-sdk.a(pstorage.c.obj)
 .text.state_restore_head_entry_run
                0x00000000000204d4       0x34 ym/nrf51-sdk/source/nrf51-sdk.a(pstorage.c.obj)
 .text.state_restore_tail_entry_run
                0x0000000000020508       0x48 ym/nrf51-sdk/source/nrf51-sdk.a(pstorage.c.obj)
 .text.state_write_data_swap_entry_run
                0x0000000000020550       0x2c ym/nrf51-sdk/source/nrf51-sdk.a(pstorage.c.obj)
 .text.state_data_erase_entry_run
                0x000000000002057c       0x14 ym/nrf51-sdk/source/nrf51-sdk.a(pstorage.c.obj)
 .text.state_entry_action_run
                0x0000000000020590       0xc4 ym/nrf51-sdk/source/nrf51-sdk.a(pstorage.c.obj)
 .text.clear_operation_execute
                0x0000000000020654      0x110 ym/nrf51-sdk/source/nrf51-sdk.a(pstorage.c.obj)
 .text.cmd_process
                0x0000000000020764       0x3c ym/nrf51-sdk/source/nrf51-sdk.a(pstorage.c.obj)
 .text.cmd_queue_enqueue
                0x00000000000207a0       0x54 ym/nrf51-sdk/source/nrf51-sdk.a(pstorage.c.obj)
 .text.command_end_procedure_run
                0x00000000000207f4       0x44 ym/nrf51-sdk/source/nrf51-sdk.a(pstorage.c.obj)
 .text.clear_post_processing_run
                0x0000000000020838       0x2c ym/nrf51-sdk/source/nrf51-sdk.a(pstorage.c.obj)
 .text.head_restore_state_run
                0x0000000000020864       0x9c ym/nrf51-sdk/source/nrf51-sdk.a(pstorage.c.obj)
 .text.tail_restore_state_run
                0x0000000000020900       0x1c ym/nrf51-sdk/source/nrf51-sdk.a(pstorage.c.obj)
 .text.data_page_erase_state_run
                0x000000000002091c       0x78 ym/nrf51-sdk/source/nrf51-sdk.a(pstorage.c.obj)
 .text.flash_operation_success_run
                0x0000000000020994       0x98 ym/nrf51-sdk/source/nrf51-sdk.a(pstorage.c.obj)
 .text.pstorage_sys_event_handler
                0x0000000000020a2c       0x68 ym/nrf51-sdk/source/nrf51-sdk.a(pstorage.c.obj)
                0x0000000000020a2c                pstorage_sys_event_handler
 .text.pstorage_init
                0x0000000000020a94       0x70 ym/nrf51-sdk/source/nrf51-sdk.a(pstorage.c.obj)
                0x0000000000020a94                pstorage_init
 .text.pstorage_register
                0x0000000000020b04       0xbc ym/nrf51-sdk/source/nrf51-sdk.a(pstorage.c.obj)
                0x0000000000020b04                pstorage_register
 .text.pstorage_block_identifier_get
                0x0000000000020bc0       0x4c ym/nrf51-sdk/source/nrf51-sdk.a(pstorage.c.obj)
                0x0000000000020bc0                pstorage_block_identifier_get
 .text.pstorage_store
                0x0000000000020c0c       0x78 ym/nrf51-sdk/source/nrf51-sdk.a(pstorage.c.obj)
                0x0000000000020c0c                pstorage_store
 .text.pstorage_update
                0x0000000000020c84       0x78 ym/nrf51-sdk/source/nrf51-sdk.a(pstorage.c.obj)
                0x0000000000020c84                pstorage_update
 .text.pstorage_load
                0x0000000000020cfc       0x94 ym/nrf51-sdk/source/nrf51-sdk.a(pstorage.c.obj)
                0x0000000000020cfc                pstorage_load
 .text.pstorage_clear
                0x0000000000020d90       0x84 ym/nrf51-sdk/source/nrf51-sdk.a(pstorage.c.obj)
                0x0000000000020d90                pstorage_clear
 .text.dfu_app_on_dfu_evt
                0x0000000000020e14      0x16c ym/nrf51-sdk/source/nrf51-sdk.a(dfu_app_handler.c.obj)
                0x0000000000020e14                dfu_app_on_dfu_evt
 .text.bootloader_util_app_start
                0x0000000000020f80       0x3c ym/nrf51-sdk/source/nrf51-sdk.a(bootloader_util.c.obj)
                0x0000000000020f80                bootloader_util_app_start
 .text.ble_dfu_response_send
                0x0000000000020fbc       0x64 ym/nrf51-sdk/source/nrf51-sdk.a(ble_dfu.c.obj)
                0x0000000000020fbc                ble_dfu_response_send
 .text._ZN4mbed3I2CC2E7PinNameS1_
                0x0000000000021020       0x30 ym/mbed-classic/existing/mbed-classic.a(I2C.cpp.obj)
                0x0000000000021020                mbed::I2C::I2C(PinName, PinName)
                0x0000000000021020                mbed::I2C::I2C(PinName, PinName)
 .text._ZN4mbed3I2C6aquireEv
                0x0000000000021050       0x1c ym/mbed-classic/existing/mbed-classic.a(I2C.cpp.obj)
                0x0000000000021050                mbed::I2C::aquire()
 .text._ZN4mbed11InterruptInD2Ev
                0x000000000002106c       0x18 ym/mbed-classic/existing/mbed-classic.a(InterruptIn.cpp.obj)
                0x000000000002106c                mbed::InterruptIn::~InterruptIn()
                0x000000000002106c                mbed::InterruptIn::~InterruptIn()
 .text._ZN4mbed11InterruptInC2E7PinName
                0x0000000000021084       0x48 ym/mbed-classic/existing/mbed-classic.a(InterruptIn.cpp.obj)
                0x0000000000021084                mbed::InterruptIn::InterruptIn(PinName)
                0x0000000000021084                mbed::InterruptIn::InterruptIn(PinName)
 .text._ZN4mbed9RawSerialC2E7PinNameS1_
                0x00000000000210cc       0x14 ym/mbed-classic/existing/mbed-classic.a(RawSerial.cpp.obj)
                0x00000000000210cc                mbed::RawSerial::RawSerial(PinName, PinName)
                0x00000000000210cc                mbed::RawSerial::RawSerial(PinName, PinName)
 .text._ZN4mbed10SerialBaseC2E7PinNameS1_
                0x00000000000210e0       0x3c ym/mbed-classic/existing/mbed-classic.a(SerialBase.cpp.obj)
                0x00000000000210e0                mbed::SerialBase::SerialBase(PinName, PinName)
                0x00000000000210e0                mbed::SerialBase::SerialBase(PinName, PinName)
 .text._ZN4mbed6TickerD2Ev
                0x000000000002111c       0x1c ym/mbed-classic/existing/mbed-classic.a(Ticker.cpp.obj)
                0x000000000002111c                mbed::Ticker::~Ticker()
                0x000000000002111c                mbed::Ticker::~Ticker()
 .text._ZN4mbed7TimeoutD2Ev
                0x0000000000021138       0x1c ym/mbed-classic/existing/mbed-classic.a(Timeout.cpp.obj)
                0x0000000000021138                mbed::Timeout::~Timeout()
                0x0000000000021138                mbed::Timeout::~Timeout()
 .text._ZN4mbed10TimerEventC2Ev
                0x0000000000021154       0x2c ym/mbed-classic/existing/mbed-classic.a(TimerEvent.cpp.obj)
                0x0000000000021154                mbed::TimerEvent::TimerEvent()
                0x0000000000021154                mbed::TimerEvent::TimerEvent()
 .text._ZN4mbed10TimerEventD2Ev
                0x0000000000021180       0x18 ym/mbed-classic/existing/mbed-classic.a(TimerEvent.cpp.obj)
                0x0000000000021180                mbed::TimerEvent::~TimerEvent()
                0x0000000000021180                mbed::TimerEvent::~TimerEvent()
 .text.get_us_ticker_data
                0x0000000000021198        0x8 ym/mbed-classic/existing/mbed-classic.a(us_ticker_api.c.obj)
                0x0000000000021198                get_us_ticker_data
 .text.us_ticker_irq_handler
                0x00000000000211a0       0x10 ym/mbed-classic/existing/mbed-classic.a(us_ticker_api.c.obj)
                0x00000000000211a0                us_ticker_irq_handler
 .text          0x00000000000211b0       0x48 ym/mbed-classic/existing/mbed-classic.a(startup_NRF51822.S.obj)
                0x00000000000211b0                Reset_Handler
                0x00000000000211ec                NMI_Handler
                0x00000000000211ee                HardFault_Handler
                0x00000000000211f0                SVC_Handler
                0x00000000000211f2                PendSV_Handler
                0x00000000000211f4                SysTick_Handler
                0x00000000000211f6                SPI0_TWI0_IRQHandler
                0x00000000000211f6                RTC0_IRQHandler
                0x00000000000211f6                POWER_CLOCK_IRQHandler
                0x00000000000211f6                LPCOMP_IRQHandler
                0x00000000000211f6                SWI4_IRQHandler
                0x00000000000211f6                TEMP_IRQHandler
                0x00000000000211f6                QDEC_IRQHandler
                0x00000000000211f6                SWI5_IRQHandler
                0x00000000000211f6                TIMER0_IRQHandler
                0x00000000000211f6                SWI0_IRQHandler
                0x00000000000211f6                ECB_IRQHandler
                0x00000000000211f6                Default_Handler
                0x00000000000211f6                ADC_IRQHandler
                0x00000000000211f6                SWI3_IRQHandler
                0x00000000000211f6                CCM_AAR_IRQHandler
                0x00000000000211f6                WDT_IRQHandler
                0x00000000000211f6                RNG_IRQHandler
                0x00000000000211f6                SPI1_TWI1_IRQHandler
                0x00000000000211f6                RTC1_IRQHandler
 .text.gpio_init
                0x00000000000211f8       0x30 ym/mbed-classic/existing/mbed-classic.a(gpio_api.c.obj)
                0x00000000000211f8                gpio_init
 .text.GPIOTE_IRQHandler
                0x0000000000021228       0xf4 ym/mbed-classic/existing/mbed-classic.a(gpio_irq_api.c.obj)
                0x0000000000021228                GPIOTE_IRQHandler
 .text.gpio_irq_init
                0x000000000002131c       0x60 ym/mbed-classic/existing/mbed-classic.a(gpio_irq_api.c.obj)
                0x000000000002131c                gpio_irq_init
 .text.gpio_irq_free
                0x000000000002137c       0x10 ym/mbed-classic/existing/mbed-classic.a(gpio_irq_api.c.obj)
                0x000000000002137c                gpio_irq_free
 .text.gpio_irq_set
                0x000000000002138c       0x9c ym/mbed-classic/existing/mbed-classic.a(gpio_irq_api.c.obj)
                0x000000000002138c                gpio_irq_set
 .text.i2c_do_write
                0x0000000000021428       0x28 ym/mbed-classic/existing/mbed-classic.a(i2c_api.c.obj)
                0x0000000000021428                i2c_do_write
 .text.i2c_do_read
                0x0000000000021450       0x3c ym/mbed-classic/existing/mbed-classic.a(i2c_api.c.obj)
                0x0000000000021450                i2c_do_read
 .text.i2c_frequency
                0x000000000002148c       0x48 ym/mbed-classic/existing/mbed-classic.a(i2c_api.c.obj)
                0x000000000002148c                i2c_frequency
 .text.twi_master_init
                0x00000000000214d4       0x48 ym/mbed-classic/existing/mbed-classic.a(i2c_api.c.obj)
                0x00000000000214d4                twi_master_init
 .text.i2c_init
                0x000000000002151c       0xc4 ym/mbed-classic/existing/mbed-classic.a(i2c_api.c.obj)
                0x000000000002151c                i2c_init
 .text.i2c_reset
                0x00000000000215e0       0x30 ym/mbed-classic/existing/mbed-classic.a(i2c_api.c.obj)
                0x00000000000215e0                i2c_reset
 .text.i2c_stop
                0x0000000000021610       0x34 ym/mbed-classic/existing/mbed-classic.a(i2c_api.c.obj)
                0x0000000000021610                i2c_stop
 .text.checkError
                0x0000000000021644       0x28 ym/mbed-classic/existing/mbed-classic.a(i2c_api.c.obj)
                0x0000000000021644                checkError
 .text.port_init
                0x000000000002166c       0x28 ym/mbed-classic/existing/mbed-classic.a(port_api.c.obj)
                0x000000000002166c                port_init
 .text.pwm_disconnect
                0x0000000000021694       0x60 ym/mbed-classic/existing/mbed-classic.a(pwmout_api.c.obj)
 .text.TIMER2_IRQHandler
                0x00000000000216f4       0x68 ym/mbed-classic/existing/mbed-classic.a(pwmout_api.c.obj)
                0x00000000000216f4                TIMER2_IRQHandler
 .text.serial_baud.part.0
                0x000000000002175c       0x38 ym/mbed-classic/existing/mbed-classic.a(serial_api.c.obj)
 .text.serial_init
                0x0000000000021794       0xb8 ym/mbed-classic/existing/mbed-classic.a(serial_api.c.obj)
                0x0000000000021794                serial_init
 .text.serial_baud
                0x000000000002184c       0x20 ym/mbed-classic/existing/mbed-classic.a(serial_api.c.obj)
                0x000000000002184c                serial_baud
 .text.UART0_IRQHandler
                0x000000000002186c       0x4c ym/mbed-classic/existing/mbed-classic.a(serial_api.c.obj)
                0x000000000002186c                UART0_IRQHandler
 .text.serial_irq_handler
                0x00000000000218b8       0x18 ym/mbed-classic/existing/mbed-classic.a(serial_api.c.obj)
                0x00000000000218b8                serial_irq_handler
 .text.twi_master_clear_bus
                0x00000000000218d0       0xb0 ym/mbed-classic/existing/mbed-classic.a(twi_master.c.obj)
 .text.twi_master_init_and_clear
                0x0000000000021980       0x74 ym/mbed-classic/existing/mbed-classic.a(twi_master.c.obj)
                0x0000000000021980                twi_master_init_and_clear
 .text.tmr1_getCounter64
                0x00000000000219f4       0x50 ym/mbed-classic/existing/mbed-classic.a(us_ticker.c.obj)
 .text.TIMER1_IRQHandler
                0x0000000000021a44       0x50 ym/mbed-classic/existing/mbed-classic.a(us_ticker.c.obj)
                0x0000000000021a44                TIMER1_IRQHandler
 .text.us_ticker_init
                0x0000000000021a94       0x8c ym/mbed-classic/existing/mbed-classic.a(us_ticker.c.obj)
                0x0000000000021a94                us_ticker_init
 .text.us_ticker_read
                0x0000000000021b20       0x18 ym/mbed-classic/existing/mbed-classic.a(us_ticker.c.obj)